Archive member included to satisfy reference by file (symbol)

D:\Study\st\IOT-Programming-with-Master-Embedded\Courseware 2\SDK_1.0.3_NUCLEO-F401RE\lib_stm\libLibraries.a(system_stm32f4xx.o)
                              ./Src/main.o (SystemCoreClockUpdate)
D:\Study\st\IOT-Programming-with-Master-Embedded\Courseware 2\SDK_1.0.3_NUCLEO-F401RE\lib_stm\libLibraries.a(timer.o)
                              ./Src/main.o (TimerInit)
D:\Study\st\IOT-Programming-with-Master-Embedded\Courseware 2\SDK_1.0.3_NUCLEO-F401RE\lib_stm\libLibraries.a(Ucglib.o)
                              ./Src/main.o (Ucglib4WireSWSPI_begin)
D:\Study\st\IOT-Programming-with-Master-Embedded\Courseware 2\SDK_1.0.3_NUCLEO-F401RE\lib_stm\libLibraries.a(ucg_box.o)
                              ./Src/main.o (ucg_ClearScreen)
D:\Study\st\IOT-Programming-with-Master-Embedded\Courseware 2\SDK_1.0.3_NUCLEO-F401RE\lib_stm\libLibraries.a(ucg_ccs.o)
                              D:\Study\st\IOT-Programming-with-Master-Embedded\Courseware 2\SDK_1.0.3_NUCLEO-F401RE\lib_stm\libLibraries.a(ucg_box.o) (ucg_ccs_init)
D:\Study\st\IOT-Programming-with-Master-Embedded\Courseware 2\SDK_1.0.3_NUCLEO-F401RE\lib_stm\libLibraries.a(ucg_circle.o)
                              D:\Study\st\IOT-Programming-with-Master-Embedded\Courseware 2\SDK_1.0.3_NUCLEO-F401RE\lib_stm\libLibraries.a(ucg_box.o) (ucg_DrawCircle)
D:\Study\st\IOT-Programming-with-Master-Embedded\Courseware 2\SDK_1.0.3_NUCLEO-F401RE\lib_stm\libLibraries.a(ucg_dev_default_cb.o)
                              D:\Study\st\IOT-Programming-with-Master-Embedded\Courseware 2\SDK_1.0.3_NUCLEO-F401RE\lib_stm\libLibraries.a(Ucglib.o) (ucg_dev_default_cb)
D:\Study\st\IOT-Programming-with-Master-Embedded\Courseware 2\SDK_1.0.3_NUCLEO-F401RE\lib_stm\libLibraries.a(ucg_dev_ic_st7735.o)
                              D:\Study\st\IOT-Programming-with-Master-Embedded\Courseware 2\SDK_1.0.3_NUCLEO-F401RE\lib_stm\libLibraries.a(Ucglib.o) (ucg_ext_st7735_18)
D:\Study\st\IOT-Programming-with-Master-Embedded\Courseware 2\SDK_1.0.3_NUCLEO-F401RE\lib_stm\libLibraries.a(ucg_dev_msg_api.o)
                              D:\Study\st\IOT-Programming-with-Master-Embedded\Courseware 2\SDK_1.0.3_NUCLEO-F401RE\lib_stm\libLibraries.a(ucg_box.o) (ucg_SetMaxClipRange)
D:\Study\st\IOT-Programming-with-Master-Embedded\Courseware 2\SDK_1.0.3_NUCLEO-F401RE\lib_stm\libLibraries.a(ucg_dev_tft_128x128_st7735.o)
                              D:\Study\st\IOT-Programming-with-Master-Embedded\Courseware 2\SDK_1.0.3_NUCLEO-F401RE\lib_stm\libLibraries.a(Ucglib.o) (ucg_dev_st7735_18x128x128)
D:\Study\st\IOT-Programming-with-Master-Embedded\Courseware 2\SDK_1.0.3_NUCLEO-F401RE\lib_stm\libLibraries.a(ucg_font.o)
                              D:\Study\st\IOT-Programming-with-Master-Embedded\Courseware 2\SDK_1.0.3_NUCLEO-F401RE\lib_stm\libLibraries.a(Ucglib.o) (ucg_SetFontMode)
D:\Study\st\IOT-Programming-with-Master-Embedded\Courseware 2\SDK_1.0.3_NUCLEO-F401RE\lib_stm\libLibraries.a(ucg_init.o)
                              D:\Study\st\IOT-Programming-with-Master-Embedded\Courseware 2\SDK_1.0.3_NUCLEO-F401RE\lib_stm\libLibraries.a(Ucglib.o) (ucg_Init)
D:\Study\st\IOT-Programming-with-Master-Embedded\Courseware 2\SDK_1.0.3_NUCLEO-F401RE\lib_stm\libLibraries.a(ucg_line.o)
                              D:\Study\st\IOT-Programming-with-Master-Embedded\Courseware 2\SDK_1.0.3_NUCLEO-F401RE\lib_stm\libLibraries.a(ucg_font.o) (ucg_Draw90Line)
D:\Study\st\IOT-Programming-with-Master-Embedded\Courseware 2\SDK_1.0.3_NUCLEO-F401RE\lib_stm\libLibraries.a(ucg_pixel.o)
                              ./Src/main.o (ucg_SetColor)
D:\Study\st\IOT-Programming-with-Master-Embedded\Courseware 2\SDK_1.0.3_NUCLEO-F401RE\lib_stm\libLibraries.a(ucg_pixel_font_data.o)
                              ./Src/main.o (ucg_font_profont15_mf)
D:\Study\st\IOT-Programming-with-Master-Embedded\Courseware 2\SDK_1.0.3_NUCLEO-F401RE\lib_stm\libLibraries.a(ucg_rotate.o)
                              ./Src/main.o (ucg_SetRotate180)
D:\Study\st\IOT-Programming-with-Master-Embedded\Courseware 2\SDK_1.0.3_NUCLEO-F401RE\lib_stm\libLibraries.a(buff.o)
                              D:\Study\st\IOT-Programming-with-Master-Embedded\Courseware 2\SDK_1.0.3_NUCLEO-F401RE\lib_stm\libLibraries.a(ucg_font.o) (bufInit)
D:\Study\st\IOT-Programming-with-Master-Embedded\Courseware 2\SDK_1.0.3_NUCLEO-F401RE\lib_stm\libLibraries.a(utilities.o)
                              D:\Study\st\IOT-Programming-with-Master-Embedded\Courseware 2\SDK_1.0.3_NUCLEO-F401RE\lib_stm\libLibraries.a(timer.o) (memsetl)
D:\Study\st\IOT-Programming-with-Master-Embedded\Courseware 2\SDK_1.0.3_NUCLEO-F401RE\lib_stm\libLibraries.a(stm32f401re_gpio.o)
                              D:\Study\st\IOT-Programming-with-Master-Embedded\Courseware 2\SDK_1.0.3_NUCLEO-F401RE\lib_stm\libLibraries.a(Ucglib.o) (GPIO_Init)
[...]
Memory Configuration

Name             Origin             Length             Attributes
RAM              0x20000000         0x00018000         xrw
FLASH            0x08000000         0x00080000         xr
*default*        0x00000000         0xffffffff

Linker script and memory map

LOAD D:/STM32/STM32CubeIDE_1.7.0/STM32CubeIDE/plugins/com.st.stm32cube.ide.mcu.externaltools.gnu-tools-for-stm32.12.3.rel1.win32_1.1.0.202410251130/tools/bin/../lib/gcc/arm-none-eabi/12.3.1/thumb/v7e-m+fp/hard/crti.o
LOAD D:/STM32/STM32CubeIDE_1.7.0/STM32CubeIDE/plugins/com.st.stm32cube.ide.mcu.externaltools.gnu-tools-for-stm32.12.3.rel1.win32_1.1.0.202410251130/tools/bin/../lib/gcc/arm-none-eabi/12.3.1/thumb/v7e-m+fp/hard/crtbegin.o
LOAD D:/STM32/STM32CubeIDE_1.7.0/STM32CubeIDE/plugins/com.st.stm32cube.ide.mcu.externaltools.gnu-tools-for-stm32.12.3.rel1.win32_1.1.0.202410251130/tools/bin/../lib/gcc/arm-none-eabi/12.3.1/../../../../arm-none-eabi/lib/thumb/v7e-m+fp/hard/crt0.o
LOAD ./Src/main.o
LOAD ./Src/syscalls.o
LOAD ./Src/sysmem.o
LOAD ./Startup/startup_stm32f401retx.o
LOAD D:\Study\st\IOT-Programming-with-Master-Embedded\Courseware 2\SDK_1.0.3_NUCLEO-F401RE\lib_stm\libLibraries.a
START GROUP
LOAD D:/STM32/STM32CubeIDE_1.7.0/STM32CubeIDE/plugins/com.st.stm32cube.ide.mcu.externaltools.gnu-tools-for-stm32.12.3.rel1.win32_1.1.0.202410251130/tools/bin/../lib/gcc/arm-none-eabi/12.3.1/../../../../arm-none-eabi/lib/thumb/v7e-m+fp/hard\libc_nano.a
LOAD D:/STM32/STM32CubeIDE_1.7.0/STM32CubeIDE/plugins/com.st.stm32cube.ide.mcu.externaltools.gnu-tools-for-stm32.12.3.rel1.win32_1.1.0.202410251130/tools/bin/../lib/gcc/arm-none-eabi/12.3.1/../../../../arm-none-eabi/lib/thumb/v7e-m+fp/hard\libm.a
END GROUP
START GROUP
LOAD D:/STM32/STM32CubeIDE_1.7.0/STM32CubeIDE/plugins/com.st.stm32cube.ide.mcu.externaltools.gnu-tools-for-stm32.12.3.rel1.win32_1.1.0.202410251130/tools/bin/../lib/gcc/arm-none-eabi/12.3.1/thumb/v7e-m+fp/hard\libgcc.a
LOAD D:/STM32/STM32CubeIDE_1.7.0/STM32CubeIDE/plugins/com.st.stm32cube.ide.mcu.externaltools.gnu-tools-for-stm32.12.3.rel1.win32_1.1.0.202410251130/tools/bin/../lib/gcc/arm-none-eabi/12.3.1/../../../../arm-none-eabi/lib/thumb/v7e-m+fp/hard\libc_nano.a
END GROUP
START GROUP
LOAD D:/STM32/STM32CubeIDE_1.7.0/STM32CubeIDE/plugins/com.st.stm32cube.ide.mcu.externaltools.gnu-tools-for-stm32.12.3.rel1.win32_1.1.0.202410251130/tools/bin/../lib/gcc/arm-none-eabi/12.3.1/thumb/v7e-m+fp/hard\libgcc.a
LOAD D:/STM32/STM32CubeIDE_1.7.0/STM32CubeIDE/plugins/com.st.stm32cube.ide.mcu.externaltools.gnu-tools-for-stm32.12.3.rel1.win32_1.1.0.202410251130/tools/bin/../lib/gcc/arm-none-eabi/12.3.1/../../../../arm-none-eabi/lib/thumb/v7e-m+fp/hard\libc_nano.a
LOAD D:/STM32/STM32CubeIDE_1.7.0/STM32CubeIDE/plugins/com.st.stm32cube.ide.mcu.externaltools.gnu-tools-for-stm32.12.3.rel1.win32_1.1.0.202410251130/tools/bin/../lib/gcc/arm-none-eabi/12.3.1/../../../../arm-none-eabi/lib/thumb/v7e-m+fp/hard\libnosys.a
END GROUP
START GROUP
LOAD D:/STM32/STM32CubeIDE_1.7.0/STM32CubeIDE/plugins/com.st.stm32cube.ide.mcu.externaltools.gnu-tools-for-stm32.12.3.rel1.win32_1.1.0.202410251130/tools/bin/../lib/gcc/arm-none-eabi/12.3.1/thumb/v7e-m+fp/hard\libgcc.a
LOAD D:/STM32/STM32CubeIDE_1.7.0/STM32CubeIDE/plugins/com.st.stm32cube.ide.mcu.externaltools.gnu-tools-for-stm32.12.3.rel1.win32_1.1.0.202410251130/tools/bin/../lib/gcc/arm-none-eabi/12.3.1/../../../../arm-none-eabi/lib/thumb/v7e-m+fp/hard\libc_nano.a
LOAD D:/STM32/STM32CubeIDE_1.7.0/STM32CubeIDE/plugins/com.st.stm32cube.ide.mcu.externaltools.gnu-tools-for-stm32.12.3.rel1.win32_1.1.0.202410251130/tools/bin/../lib/gcc/arm-none-eabi/12.3.1/../../../../arm-none-eabi/lib/thumb/v7e-m+fp/hard\libnosys.a
END GROUP
LOAD D:/STM32/STM32CubeIDE_1.7.0/STM32CubeIDE/plugins/com.st.stm32cube.ide.mcu.externaltools.gnu-tools-for-stm32.12.3.rel1.win32_1.1.0.202410251130/tools/bin/../lib/gcc/arm-none-eabi/12.3.1/thumb/v7e-m+fp/hard/crtend.o
LOAD D:/STM32/STM32CubeIDE_1.7.0/STM32CubeIDE/plugins/com.st.stm32cube.ide.mcu.externaltools.gnu-tools-for-stm32.12.3.rel1.win32_1.1.0.202410251130/tools/bin/../lib/gcc/arm-none-eabi/12.3.1/thumb/v7e-m+fp/hard/crtn.o
                0x20018000                        _estack = (ORIGIN (RAM) + LENGTH (RAM))
                0x00000200                        _Min_Heap_Size = 0x200
                0x00000400                        _Min_Stack_Size = 0x400

.isr_vector     0x08000000      0x194
                0x08000000                        . = ALIGN (0x4)
 *(.isr_vector)
 .isr_vector    0x08000000      0x194 ./Startup/startup_stm32f401retx.o
                0x08000000                g_pfnVectors
                0x08000194                        . = ALIGN (0x4)

.text           0x08000194     0x301c
                0x08000194                        . = ALIGN (0x4)
 *(.text)
 .text          0x08000194       0x40 D:/STM32/STM32CubeIDE_1.7.0/STM32CubeIDE/plugins/com.st.stm32cube.ide.mcu.externaltools.gnu-tools-for-stm32.12.3.rel1.win32_1.1.0.202410251130/tools/bin/../lib/gcc/arm-none-eabi/12.3.1/thumb/v7e-m+fp/hard/crtbegin.o
 *(.text*)
 .text.main     0x080001d4       0x6c ./Src/main.o
                0x080001d4                main
 .text.Reset_Handler
                0x08000240       0x50 ./Startup/startup_stm32f401retx.o
                0x08000240                Reset_Handler
 .text.Default_Handler
                0x08000290        0x2 ./Startup/startup_stm32f401retx.o
                0x08000290                EXTI2_IRQHandler
                0x08000290                DebugMon_Handler
                0x08000290                SPI4_IRQHandler
                0x08000290                TIM1_CC_IRQHandler
                0x08000290                DMA2_Stream5_IRQHandler
                0x08000290                HardFault_Handler
                0x08000290                DMA1_Stream5_IRQHandler
                0x08000290                SDIO_IRQHandler
                0x08000290                TAMP_STAMP_IRQHandler
                0x08000290                PendSV_Handler
                0x08000290                NMI_Handler
                0x08000290                EXTI3_IRQHandler
                0x08000290                TIM1_UP_TIM10_IRQHandler
                0x08000290                I2C3_ER_IRQHandler
                0x08000290                EXTI18_OTG_FS_WKUP_IRQHandler
                0x08000290                EXTI0_IRQHandler
                0x08000290                I2C2_EV_IRQHandler
                0x08000290                DMA1_Stream2_IRQHandler
                0x08000290                UsageFault_Handler
                0x08000290                DMA2_Stream2_IRQHandler
                0x08000290                SPI1_IRQHandler
                0x08000290                TIM1_BRK_TIM9_IRQHandler
                0x08000290                DMA2_Stream3_IRQHandler
                0x08000290                USART6_IRQHandler
                0x08000290                DMA2_Stream0_IRQHandler
                0x08000290                TIM4_IRQHandler
                0x08000290                I2C1_EV_IRQHandler
                0x08000290                DMA1_Stream6_IRQHandler
                0x08000290                DMA1_Stream1_IRQHandler
                0x08000290                TIM3_IRQHandler
                0x08000290                RCC_IRQHandler
                0x08000290                Default_Handler
                0x08000290                EXTI15_10_IRQHandler
                0x08000290                ADC_IRQHandler
                0x08000290                DMA1_Stream7_IRQHandler
                0x08000290                TIM5_IRQHandler
                0x08000290                DMA2_Stream7_IRQHandler
                0x08000290                I2C3_EV_IRQHandler
                0x08000290                EXTI9_5_IRQHandler
                0x08000290                SPI2_IRQHandler
                0x08000290                MemManage_Handler
                0x08000290                DMA1_Stream0_IRQHandler
                0x08000290                SVC_Handler
                0x08000290                EXTI4_IRQHandler
                0x08000290                EXTI22_RTC_WKUP_IRQHandler
                0x08000290                TIM2_IRQHandler
                0x08000290                EXTI16_PVD_IRQHandler
                0x08000290                TIM1_TRG_COM_TIM11_IRQHandler
                0x08000290                EXTI1_IRQHandler
                0x08000290                EXTI17_RTC_Alarm_IRQHandler
                0x08000290                USART2_IRQHandler
                0x08000290                I2C2_ER_IRQHandler
                0x08000290                DMA2_Stream1_IRQHandler
                0x08000290                FLASH_IRQHandler
                0x08000290                DMA2_Stream4_IRQHandler
                0x08000290                BusFault_Handler
                0x08000290                USART1_IRQHandler
                0x08000290                OTG_FS_IRQHandler
                0x08000290                SPI3_IRQHandler
                0x08000290                DMA1_Stream4_IRQHandler
                0x08000290                I2C1_ER_IRQHandler
                0x08000290                DMA2_Stream6_IRQHandler
                0x08000290                DMA1_Stream3_IRQHandler
 *fill*         0x08000292        0x2 
 .text.SystemInit
                0x08000294       0x6c D:\Study\st\IOT-Programming-with-Master-Embedded\Courseware 2\SDK_1.0.3_NUCLEO-F401RE\lib_stm\libLibraries.a(system_stm32f4xx.o)
                0x08000294                SystemInit
 .text.SystemCoreClockUpdate
                0x08000300       0xf8 D:\Study\st\IOT-Programming-with-Master-Embedded\Courseware 2\SDK_1.0.3_NUCLEO-F401RE\lib_stm\libLibraries.a(system_stm32f4xx.o)
                0x08000300                SystemCoreClockUpdate
 .text.SetSysClock
                0x080003f8       0xa0 D:\Study\st\IOT-Programming-with-Master-Embedded\Courseware 2\SDK_1.0.3_NUCLEO-F401RE\lib_stm\libLibraries.a(system_stm32f4xx.o)
 .text.NVIC_SetPriority
                0x08000498       0x54 D:\Study\st\IOT-Programming-with-Master-Embedded\Courseware 2\SDK_1.0.3_NUCLEO-F401RE\lib_stm\libLibraries.a(timer.o)
 .text.SysTick_Config
                0x080004ec       0x44 D:\Study\st\IOT-Programming-with-Master-Embedded\Courseware 2\SDK_1.0.3_NUCLEO-F401RE\lib_stm\libLibraries.a(timer.o)
 .text.TimerInit
                0x08000530       0x44 D:\Study\st\IOT-Programming-with-Master-Embedded\Courseware 2\SDK_1.0.3_NUCLEO-F401RE\lib_stm\libLibraries.a(timer.o)
                0x08000530                TimerInit
 .text.TimerStart
                0x08000574       0xc4 D:\Study\st\IOT-Programming-with-Master-Embedded\Courseware 2\SDK_1.0.3_NUCLEO-F401RE\lib_stm\libLibraries.a(timer.o)
                0x08000574                TimerStart
 .text.TimerStop
                0x08000638       0xa0 D:\Study\st\IOT-Programming-with-Master-Embedded\Courseware 2\SDK_1.0.3_NUCLEO-F401RE\lib_stm\libLibraries.a(timer.o)
                0x08000638                TimerStop
 .text.GetMilSecTick
                0x080006d8       0x18 D:\Study\st\IOT-Programming-with-Master-Embedded\Courseware 2\SDK_1.0.3_NUCLEO-F401RE\lib_stm\libLibraries.a(timer.o)
                0x080006d8                GetMilSecTick
 .text.processTimerScheduler
                0x080006f0       0xf0 D:\Study\st\IOT-Programming-with-Master-Embedded\Courseware 2\SDK_1.0.3_NUCLEO-F401RE\lib_stm\libLibraries.a(timer.o)
                0x080006f0                processTimerScheduler
 .text.TimeExpired
                0x080007e0       0xcc D:\Study\st\IOT-Programming-with-Master-Embedded\Courseware 2\SDK_1.0.3_NUCLEO-F401RE\lib_stm\libLibraries.a(timer.o)
 .text.SysTick_Handler
                0x080008ac       0x1c D:\Study\st\IOT-Programming-with-Master-Embedded\Courseware 2\SDK_1.0.3_NUCLEO-F401RE\lib_stm\libLibraries.a(timer.o)
                0x080008ac                SysTick_Handler
 .text.delayMicroseconds
                0x080008c8       0x14 D:\Study\st\IOT-Programming-with-Master-Embedded\Courseware 2\SDK_1.0.3_NUCLEO-F401RE\lib_stm\libLibraries.a(Ucglib.o)
 .text.ucg_gpio_init
                0x080008dc       0x60 D:\Study\st\IOT-Programming-with-Master-Embedded\Courseware 2\SDK_1.0.3_NUCLEO-F401RE\lib_stm\libLibraries.a(Ucglib.o)
 .text.ucg_com_arduino_send_generic_SW_SPI
                0x0800093c       0x74 D:\Study\st\IOT-Programming-with-Master-Embedded\Courseware 2\SDK_1.0.3_NUCLEO-F401RE\lib_stm\libLibraries.a(Ucglib.o)
 .text.ucg_com_arduino_generic_SW_SPI
                0x080009b0      0x1ec D:\Study\st\IOT-Programming-with-Master-Embedded\Courseware 2\SDK_1.0.3_NUCLEO-F401RE\lib_stm\libLibraries.a(Ucglib.o)
 .text.Ucglib4WireSWSPI_begin
                0x08000b9c       0x38 D:\Study\st\IOT-Programming-with-Master-Embedded\Courseware 2\SDK_1.0.3_NUCLEO-F401RE\lib_stm\libLibraries.a(Ucglib.o)
                0x08000b9c                Ucglib4WireSWSPI_begin
 .text.ucg_DrawBox
                0x08000bd4       0x56 D:\Study\st\IOT-Programming-with-Master-Embedded\Courseware 2\SDK_1.0.3_NUCLEO-F401RE\lib_stm\libLibraries.a(ucg_box.o)
                0x08000bd4                ucg_DrawBox
 .text.ucg_ClearScreen
                0x08000c2a       0x50 D:\Study\st\IOT-Programming-with-Master-Embedded\Courseware 2\SDK_1.0.3_NUCLEO-F401RE\lib_stm\libLibraries.a(ucg_box.o)
                0x08000c2a                ucg_ClearScreen
 .text.ucg_ccs_init
                0x08000c7a       0xc0 D:\Study\st\IOT-Programming-with-Master-Embedded\Courseware 2\SDK_1.0.3_NUCLEO-F401RE\lib_stm\libLibraries.a(ucg_ccs.o)
                0x08000c7a                ucg_ccs_init
 .text.ucg_ccs_step
                0x08000d3a       0x80 D:\Study\st\IOT-Programming-with-Master-Embedded\Courseware 2\SDK_1.0.3_NUCLEO-F401RE\lib_stm\libLibraries.a(ucg_ccs.o)
                0x08000d3a                ucg_ccs_step
 .text.ucg_ccs_seek
                0x08000dba       0xca D:\Study\st\IOT-Programming-with-Master-Embedded\Courseware 2\SDK_1.0.3_NUCLEO-F401RE\lib_stm\libLibraries.a(ucg_ccs.o)
                0x08000dba                ucg_ccs_seek
 .text.ucg_dev_default_cb
                0x08000e84       0x44 D:\Study\st\IOT-Programming-with-Master-Embedded\Courseware 2\SDK_1.0.3_NUCLEO-F401RE\lib_stm\libLibraries.a(ucg_dev_default_cb.o)
                0x08000e84                ucg_dev_default_cb
 .text.ucg_ext_none
                0x08000ec8       0x1c D:\Study\st\IOT-Programming-with-Master-Embedded\Courseware 2\SDK_1.0.3_NUCLEO-F401RE\lib_stm\libLibraries.a(ucg_dev_default_cb.o)
                0x08000ec8                ucg_ext_none
 .text.ucg_handle_st7735_l90fx
                0x08000ee4       0xd8 D:\Study\st\IOT-Programming-with-Master-Embedded\Courseware 2\SDK_1.0.3_NUCLEO-F401RE\lib_stm\libLibraries.a(ucg_dev_ic_st7735.o)
                0x08000ee4                ucg_handle_st7735_l90fx
 .text.ucg_handle_st7735_l90se
                0x08000fbc      0x154 D:\Study\st\IOT-Programming-with-Master-Embedded\Courseware 2\SDK_1.0.3_NUCLEO-F401RE\lib_stm\libLibraries.a(ucg_dev_ic_st7735.o)
                0x08000fbc                ucg_handle_st7735_l90se
 .text.ucg_dev_ic_st7735_18
                0x08001110       0xf8 D:\Study\st\IOT-Programming-with-Master-Embedded\Courseware 2\SDK_1.0.3_NUCLEO-F401RE\lib_stm\libLibraries.a(ucg_dev_ic_st7735.o)
                0x08001110                ucg_dev_ic_st7735_18
 .text.ucg_ext_st7735_18
                0x08001208       0x28 D:\Study\st\IOT-Programming-with-Master-Embedded\Courseware 2\SDK_1.0.3_NUCLEO-F401RE\lib_stm\libLibraries.a(ucg_dev_ic_st7735.o)
                0x08001208                ucg_ext_st7735_18
 .text.ucg_PowerDown
                0x08001230       0x34 D:\Study\st\IOT-Programming-with-Master-Embedded\Courseware 2\SDK_1.0.3_NUCLEO-F401RE\lib_stm\libLibraries.a(ucg_dev_msg_api.o)
                0x08001230                ucg_PowerDown
 .text.ucg_PowerUp
                0x08001264       0x3c D:\Study\st\IOT-Programming-with-Master-Embedded\Courseware 2\SDK_1.0.3_NUCLEO-F401RE\lib_stm\libLibraries.a(ucg_dev_msg_api.o)
                0x08001264                ucg_PowerUp
 .text.ucg_SetClipBox
                0x080012a0       0x1e D:\Study\st\IOT-Programming-with-Master-Embedded\Courseware 2\SDK_1.0.3_NUCLEO-F401RE\lib_stm\libLibraries.a(ucg_dev_msg_api.o)
                0x080012a0                ucg_SetClipBox
 .text.ucg_SetMaxClipRange
                0x080012be       0x30 D:\Study\st\IOT-Programming-with-Master-Embedded\Courseware 2\SDK_1.0.3_NUCLEO-F401RE\lib_stm\libLibraries.a(ucg_dev_msg_api.o)
                0x080012be                ucg_SetMaxClipRange
 .text.ucg_GetDimension
                0x080012ee       0x24 D:\Study\st\IOT-Programming-with-Master-Embedded\Courseware 2\SDK_1.0.3_NUCLEO-F401RE\lib_stm\libLibraries.a(ucg_dev_msg_api.o)
                0x080012ee                ucg_GetDimension
 .text.ucg_DrawL90FXWithArg
                0x08001312       0x1e D:\Study\st\IOT-Programming-with-Master-Embedded\Courseware 2\SDK_1.0.3_NUCLEO-F401RE\lib_stm\libLibraries.a(ucg_dev_msg_api.o)
                0x08001312                ucg_DrawL90FXWithArg
 .text.ucg_dev_st7735_18x128x128
                0x08001330       0x80 D:\Study\st\IOT-Programming-with-Master-Embedded\Courseware 2\SDK_1.0.3_NUCLEO-F401RE\lib_stm\libLibraries.a(ucg_dev_tft_128x128_st7735.o)
                0x08001330                ucg_dev_st7735_18x128x128
 .text.ucg_font_get_byte
                0x080013b0       0x24 D:\Study\st\IOT-Programming-with-Master-Embedded\Courseware 2\SDK_1.0.3_NUCLEO-F401RE\lib_stm\libLibraries.a(ucg_font.o)
 .text.ucg_font_get_word
                0x080013d4       0x40 D:\Study\st\IOT-Programming-with-Master-Embedded\Courseware 2\SDK_1.0.3_NUCLEO-F401RE\lib_stm\libLibraries.a(ucg_font.o)
 .text.ucg_read_font_info
                0x08001414      0x142 D:\Study\st\IOT-Programming-with-Master-Embedded\Courseware 2\SDK_1.0.3_NUCLEO-F401RE\lib_stm\libLibraries.a(ucg_font.o)
                0x08001414                ucg_read_font_info
 .text.ucg_font_decode_get_unsigned_bits
                0x08001556       0x96 D:\Study\st\IOT-Programming-with-Master-Embedded\Courseware 2\SDK_1.0.3_NUCLEO-F401RE\lib_stm\libLibraries.a(ucg_font.o)
                0x08001556                ucg_font_decode_get_unsigned_bits
 .text.ucg_font_decode_get_signed_bits
                0x080015ec       0x46 D:\Study\st\IOT-Programming-with-Master-Embedded\Courseware 2\SDK_1.0.3_NUCLEO-F401RE\lib_stm\libLibraries.a(ucg_font.o)
                0x080015ec                ucg_font_decode_get_signed_bits
 .text.ucg_add_vector_y
                0x08001632       0x7a D:\Study\st\IOT-Programming-with-Master-Embedded\Courseware 2\SDK_1.0.3_NUCLEO-F401RE\lib_stm\libLibraries.a(ucg_font.o)
 .text.ucg_add_vector_x
                0x080016ac       0x7a D:\Study\st\IOT-Programming-with-Master-Embedded\Courseware 2\SDK_1.0.3_NUCLEO-F401RE\lib_stm\libLibraries.a(ucg_font.o)
 .text.ucg_font_decode_len
                0x08001726      0x118 D:\Study\st\IOT-Programming-with-Master-Embedded\Courseware 2\SDK_1.0.3_NUCLEO-F401RE\lib_stm\libLibraries.a(ucg_font.o)
                0x08001726                ucg_font_decode_len
 .text.ucg_font_setup_decode
                0x0800183e       0x64 D:\Study\st\IOT-Programming-with-Master-Embedded\Courseware 2\SDK_1.0.3_NUCLEO-F401RE\lib_stm\libLibraries.a(ucg_font.o)
 .text.ucg_font_decode_glyph
                0x080018a2      0x14c D:\Study\st\IOT-Programming-with-Master-Embedded\Courseware 2\SDK_1.0.3_NUCLEO-F401RE\lib_stm\libLibraries.a(ucg_font.o)
                0x080018a2                ucg_font_decode_glyph
 .text.ucg_font_get_glyph_data
                0x080019ee       0x7a D:\Study\st\IOT-Programming-with-Master-Embedded\Courseware 2\SDK_1.0.3_NUCLEO-F401RE\lib_stm\libLibraries.a(ucg_font.o)
                0x080019ee                ucg_font_get_glyph_data
 .text.ucg_font_draw_glyph
                0x08001a68       0x62 D:\Study\st\IOT-Programming-with-Master-Embedded\Courseware 2\SDK_1.0.3_NUCLEO-F401RE\lib_stm\libLibraries.a(ucg_font.o)
                0x08001a68                ucg_font_draw_glyph
 .text.ucg_SetFontMode
                0x08001aca       0x20 D:\Study\st\IOT-Programming-with-Master-Embedded\Courseware 2\SDK_1.0.3_NUCLEO-F401RE\lib_stm\libLibraries.a(ucg_font.o)
                0x08001aca                ucg_SetFontMode
 *fill*         0x08001aea        0x2 
 .text.ucg_DrawGlyph
                0x08001aec       0xb0 D:\Study\st\IOT-Programming-with-Master-Embedded\Courseware 2\SDK_1.0.3_NUCLEO-F401RE\lib_stm\libLibraries.a(ucg_font.o)
                0x08001aec                ucg_DrawGlyph
 .text.task_drawString
                0x08001b9c      0x138 D:\Study\st\IOT-Programming-with-Master-Embedded\Courseware 2\SDK_1.0.3_NUCLEO-F401RE\lib_stm\libLibraries.a(ucg_font.o)
                0x08001b9c                task_drawString
 .text.ucg_DrawString
                0x08001cd4       0x78 D:\Study\st\IOT-Programming-with-Master-Embedded\Courseware 2\SDK_1.0.3_NUCLEO-F401RE\lib_stm\libLibraries.a(ucg_font.o)
                0x08001cd4                ucg_DrawString
 .text.ucg_UpdateRefHeight
                0x08001d4c       0xd8 D:\Study\st\IOT-Programming-with-Master-Embedded\Courseware 2\SDK_1.0.3_NUCLEO-F401RE\lib_stm\libLibraries.a(ucg_font.o)
                0x08001d4c                ucg_UpdateRefHeight
 .text.ucg_font_calc_vref_font
                0x08001e24       0x16 D:\Study\st\IOT-Programming-with-Master-Embedded\Courseware 2\SDK_1.0.3_NUCLEO-F401RE\lib_stm\libLibraries.a(ucg_font.o)
                0x08001e24                ucg_font_calc_vref_font
 *fill*         0x08001e3a        0x2 
 .text.ucg_SetFontPosBaseline
                0x08001e3c       0x20 D:\Study\st\IOT-Programming-with-Master-Embedded\Courseware 2\SDK_1.0.3_NUCLEO-F401RE\lib_stm\libLibraries.a(ucg_font.o)
                0x08001e3c                ucg_SetFontPosBaseline
 .text.ucg_SetFont
                0x08001e5c       0x4c D:\Study\st\IOT-Programming-with-Master-Embedded\Courseware 2\SDK_1.0.3_NUCLEO-F401RE\lib_stm\libLibraries.a(ucg_font.o)
                0x08001e5c                ucg_SetFont
 .text.ucg_init_struct
                0x08001ea8       0x50 D:\Study\st\IOT-Programming-with-Master-Embedded\Courseware 2\SDK_1.0.3_NUCLEO-F401RE\lib_stm\libLibraries.a(ucg_init.o)
                0x08001ea8                ucg_init_struct
 .text.ucg_Init
                0x08001ef8       0x5c D:\Study\st\IOT-Programming-with-Master-Embedded\Courseware 2\SDK_1.0.3_NUCLEO-F401RE\lib_stm\libLibraries.a(ucg_init.o)
                0x08001ef8                ucg_Init
 .text.ucg_Draw90Line
                0x08001f54       0x88 D:\Study\st\IOT-Programming-with-Master-Embedded\Courseware 2\SDK_1.0.3_NUCLEO-F401RE\lib_stm\libLibraries.a(ucg_line.o)
                0x08001f54                ucg_Draw90Line
 .text.ucg_DrawHLine
                0x08001fdc       0x3e D:\Study\st\IOT-Programming-with-Master-Embedded\Courseware 2\SDK_1.0.3_NUCLEO-F401RE\lib_stm\libLibraries.a(ucg_line.o)
                0x08001fdc                ucg_DrawHLine
 .text.ucg_SetColor
                0x0800201a       0x5c D:\Study\st\IOT-Programming-with-Master-Embedded\Courseware 2\SDK_1.0.3_NUCLEO-F401RE\lib_stm\libLibraries.a(ucg_pixel.o)
                0x0800201a                ucg_SetColor
 .text.ucg_UndoRotate
                0x08002076       0x32 D:\Study\st\IOT-Programming-with-Master-Embedded\Courseware 2\SDK_1.0.3_NUCLEO-F401RE\lib_stm\libLibraries.a(ucg_rotate.o)
                0x08002076                ucg_UndoRotate
 .text.ucg_rotate_180_xy
                0x080020a8       0x66 D:\Study\st\IOT-Programming-with-Master-Embedded\Courseware 2\SDK_1.0.3_NUCLEO-F401RE\lib_stm\libLibraries.a(ucg_rotate.o)
 *fill*         0x0800210e        0x2 
 .text.ucg_dev_rotate180
                0x08002110      0x100 D:\Study\st\IOT-Programming-with-Master-Embedded\Courseware 2\SDK_1.0.3_NUCLEO-F401RE\lib_stm\libLibraries.a(ucg_rotate.o)
                0x08002110                ucg_dev_rotate180
 .text.ucg_SetRotate180
                0x08002210       0x34 D:\Study\st\IOT-Programming-with-Master-Embedded\Courseware 2\SDK_1.0.3_NUCLEO-F401RE\lib_stm\libLibraries.a(ucg_rotate.o)
                0x08002210                ucg_SetRotate180
 .text.bufInit  0x08002244       0x36 D:\Study\st\IOT-Programming-with-Master-Embedded\Courseware 2\SDK_1.0.3_NUCLEO-F401RE\lib_stm\libLibraries.a(buff.o)
                0x08002244                bufInit
 .text.bufNumItems
                0x0800227a       0x18 D:\Study\st\IOT-Programming-with-Master-Embedded\Courseware 2\SDK_1.0.3_NUCLEO-F401RE\lib_stm\libLibraries.a(buff.o)
                0x0800227a                bufNumItems
 .text.bufIsFull
                0x08002292       0x26 D:\Study\st\IOT-Programming-with-Master-Embedded\Courseware 2\SDK_1.0.3_NUCLEO-F401RE\lib_stm\libLibraries.a(buff.o)
                0x08002292                bufIsFull
 .text.bufIsEmpty
                0x080022b8       0x26 D:\Study\st\IOT-Programming-with-Master-Embedded\Courseware 2\SDK_1.0.3_NUCLEO-F401RE\lib_stm\libLibraries.a(buff.o)
                0x080022b8                bufIsEmpty
 .text.bufFlush
                0x080022de       0x32 D:\Study\st\IOT-Programming-with-Master-Embedded\Courseware 2\SDK_1.0.3_NUCLEO-F401RE\lib_stm\libLibraries.a(buff.o)
                0x080022de                bufFlush
 .text.bufEnDat
                0x08002310       0x9c D:\Study\st\IOT-Programming-with-Master-Embedded\Courseware 2\SDK_1.0.3_NUCLEO-F401RE\lib_stm\libLibraries.a(buff.o)
                0x08002310                bufEnDat
 .text.bufDeDat
                0x080023ac       0x84 D:\Study\st\IOT-Programming-with-Master-Embedded\Courseware 2\SDK_1.0.3_NUCLEO-F401RE\lib_stm\libLibraries.a(buff.o)
                0x080023ac                bufDeDat
 .text.memsetl  0x08002430       0x32 D:\Study\st\IOT-Programming-with-Master-Embedded\Courseware 2\SDK_1.0.3_NUCLEO-F401RE\lib_stm\libLibraries.a(utilities.o)
                0x08002430                memsetl
 .text.GPIO_Init
                0x08002462      0x11c D:\Study\st\IOT-Programming-with-Master-Embedded\Courseware 2\SDK_1.0.3_NUCLEO-F401RE\lib_stm\libLibraries.a(stm32f401re_gpio.o)
                0x08002462                GPIO_Init
 .text.GPIO_WriteBit
                0x0800257e       0x30 D:\Study\st\IOT-Programming-with-Master-Embedded\Courseware 2\SDK_1.0.3_NUCLEO-F401RE\lib_stm\libLibraries.a(stm32f401re_gpio.o)
                0x0800257e                GPIO_WriteBit
 *fill*         0x080025ae        0x2 
 .text.RCC_GetClocksFreq
                0x080025b0      0x150 D:\Study\st\IOT-Programming-with-Master-Embedded\Courseware 2\SDK_1.0.3_NUCLEO-F401RE\lib_stm\libLibraries.a(stm32f401re_rcc.o)
                0x080025b0                RCC_GetClocksFreq
 .text.RCC_AHB1PeriphClockCmd
                0x08002700       0x40 D:\Study\st\IOT-Programming-with-Master-Embedded\Courseware 2\SDK_1.0.3_NUCLEO-F401RE\lib_stm\libLibraries.a(stm32f401re_rcc.o)
                0x08002700                RCC_AHB1PeriphClockCmd
 .text.ucg_clip_is_x_visible
                0x08002740       0x4a D:\Study\st\IOT-Programming-with-Master-Embedded\Courseware 2\SDK_1.0.3_NUCLEO-F401RE\lib_stm\libLibraries.a(ucg_clip.o)
 .text.ucg_clip_is_y_visible
                0x0800278a       0x4a D:\Study\st\IOT-Programming-with-Master-Embedded\Courseware 2\SDK_1.0.3_NUCLEO-F401RE\lib_stm\libLibraries.a(ucg_clip.o)
 .text.ucg_clip_intersection
                0x080027d4       0x74 D:\Study\st\IOT-Programming-with-Master-Embedded\Courseware 2\SDK_1.0.3_NUCLEO-F401RE\lib_stm\libLibraries.a(ucg_clip.o)
 .text.ucg_clip_is_pixel_visible
                0x08002848       0x32 D:\Study\st\IOT-Programming-with-Master-Embedded\Courseware 2\SDK_1.0.3_NUCLEO-F401RE\lib_stm\libLibraries.a(ucg_clip.o)
                0x08002848                ucg_clip_is_pixel_visible
 *fill*         0x0800287a        0x2 
 .text.ucg_clip_l90fx
                0x0800287c      0x300 D:\Study\st\IOT-Programming-with-Master-Embedded\Courseware 2\SDK_1.0.3_NUCLEO-F401RE\lib_stm\libLibraries.a(ucg_clip.o)
                0x0800287c                ucg_clip_l90fx
 .text.ucg_clip_l90se
                0x08002b7c       0x54 D:\Study\st\IOT-Programming-with-Master-Embedded\Courseware 2\SDK_1.0.3_NUCLEO-F401RE\lib_stm\libLibraries.a(ucg_clip.o)
                0x08002b7c                ucg_clip_l90se
 .text.ucg_com_PowerDown
                0x08002bd0       0x3e D:\Study\st\IOT-Programming-with-Master-Embedded\Courseware 2\SDK_1.0.3_NUCLEO-F401RE\lib_stm\libLibraries.a(ucg_com_msg_api.o)
                0x08002bd0                ucg_com_PowerDown
 .text.ucg_com_PowerUp
                0x08002c0e       0x60 D:\Study\st\IOT-Programming-with-Master-Embedded\Courseware 2\SDK_1.0.3_NUCLEO-F401RE\lib_stm\libLibraries.a(ucg_com_msg_api.o)
                0x08002c0e                ucg_com_PowerUp
 .text.ucg_com_SetLineStatus
                0x08002c6e       0xe2 D:\Study\st\IOT-Programming-with-Master-Embedded\Courseware 2\SDK_1.0.3_NUCLEO-F401RE\lib_stm\libLibraries.a(ucg_com_msg_api.o)
                0x08002c6e                ucg_com_SetLineStatus
 .text.ucg_com_SetResetLineStatus
                0x08002d50       0x20 D:\Study\st\IOT-Programming-with-Master-Embedded\Courseware 2\SDK_1.0.3_NUCLEO-F401RE\lib_stm\libLibraries.a(ucg_com_msg_api.o)
                0x08002d50                ucg_com_SetResetLineStatus
 .text.ucg_com_SetCSLineStatus
                0x08002d70       0x20 D:\Study\st\IOT-Programming-with-Master-Embedded\Courseware 2\SDK_1.0.3_NUCLEO-F401RE\lib_stm\libLibraries.a(ucg_com_msg_api.o)
                0x08002d70                ucg_com_SetCSLineStatus
 .text.ucg_com_SetCDLineStatus
                0x08002d90       0x20 D:\Study\st\IOT-Programming-with-Master-Embedded\Courseware 2\SDK_1.0.3_NUCLEO-F401RE\lib_stm\libLibraries.a(ucg_com_msg_api.o)
                0x08002d90                ucg_com_SetCDLineStatus
 .text.ucg_com_DelayMicroseconds
                0x08002db0       0x22 D:\Study\st\IOT-Programming-with-Master-Embedded\Courseware 2\SDK_1.0.3_NUCLEO-F401RE\lib_stm\libLibraries.a(ucg_com_msg_api.o)
                0x08002db0                ucg_com_DelayMicroseconds
 .text.ucg_com_DelayMilliseconds
                0x08002dd2       0x2c D:\Study\st\IOT-Programming-with-Master-Embedded\Courseware 2\SDK_1.0.3_NUCLEO-F401RE\lib_stm\libLibraries.a(ucg_com_msg_api.o)
                0x08002dd2                ucg_com_DelayMilliseconds
 .text.ucg_com_SendByte
                0x08002dfe       0x24 D:\Study\st\IOT-Programming-with-Master-Embedded\Courseware 2\SDK_1.0.3_NUCLEO-F401RE\lib_stm\libLibraries.a(ucg_com_msg_api.o)
                0x08002dfe                ucg_com_SendByte
 .text.ucg_com_SendStringP
                0x08002e22       0x40 D:\Study\st\IOT-Programming-with-Master-Embedded\Courseware 2\SDK_1.0.3_NUCLEO-F401RE\lib_stm\libLibraries.a(ucg_com_msg_api.o)
                0x08002e22                ucg_com_SendStringP
 .text.ucg_com_SendCmdArg
                0x08002e62       0x74 D:\Study\st\IOT-Programming-with-Master-Embedded\Courseware 2\SDK_1.0.3_NUCLEO-F401RE\lib_stm\libLibraries.a(ucg_com_msg_api.o)
 *fill*         0x08002ed6        0x2 
 .text.ucg_com_SendCmdSeq
                0x08002ed8      0x278 D:\Study\st\IOT-Programming-with-Master-Embedded\Courseware 2\SDK_1.0.3_NUCLEO-F401RE\lib_stm\libLibraries.a(ucg_com_msg_api.o)
                0x08002ed8                ucg_com_SendCmdSeq
 .text.__libc_init_array
                0x08003150       0x48 D:/STM32/STM32CubeIDE_1.7.0/STM32CubeIDE/plugins/com.st.stm32cube.ide.mcu.externaltools.gnu-tools-for-stm32.12.3.rel1.win32_1.1.0.202410251130/tools/bin/../lib/gcc/arm-none-eabi/12.3.1/../../../../arm-none-eabi/lib/thumb/v7e-m+fp/hard\libc_nano.a(libc_a-init.o)
                0x08003150                __libc_init_array
 *(.glue_7)
 .glue_7        0x08003198        0x0 linker stubs
 *(.glue_7t)
 .glue_7t       0x08003198        0x0 linker stubs
 *(.eh_frame)
 .eh_frame      0x08003198        0x0 D:/STM32/STM32CubeIDE_1.7.0/STM32CubeIDE/plugins/com.st.stm32cube.ide.mcu.externaltools.gnu-tools-for-stm32.12.3.rel1.win32_1.1.0.202410251130/tools/bin/../lib/gcc/arm-none-eabi/12.3.1/thumb/v7e-m+fp/hard/crtbegin.o
 *(.init)
 .init          0x08003198        0x4 D:/STM32/STM32CubeIDE_1.7.0/STM32CubeIDE/plugins/com.st.stm32cube.ide.mcu.externaltools.gnu-tools-for-stm32.12.3.rel1.win32_1.1.0.202410251130/tools/bin/../lib/gcc/arm-none-eabi/12.3.1/thumb/v7e-m+fp/hard/crti.o
                0x08003198                _init
 .init          0x0800319c        0x8 D:/STM32/STM32CubeIDE_1.7.0/STM32CubeIDE/plugins/com.st.stm32cube.ide.mcu.externaltools.gnu-tools-for-stm32.12.3.rel1.win32_1.1.0.202410251130/tools/bin/../lib/gcc/arm-none-eabi/12.3.1/thumb/v7e-m+fp/hard/crtn.o
 *(.fini)
 .fini          0x080031a4        0x4 D:/STM32/STM32CubeIDE_1.7.0/STM32CubeIDE/plugins/com.st.stm32cube.ide.mcu.externaltools.gnu-tools-for-stm32.12.3.rel1.win32_1.1.0.202410251130/tools/bin/../lib/gcc/arm-none-eabi/12.3.1/thumb/v7e-m+fp/hard/crti.o
                0x080031a4                _fini
 .fini          0x080031a8        0x8 D:/STM32/STM32CubeIDE_1.7.0/STM32CubeIDE/plugins/com.st.stm32cube.ide.mcu.externaltools.gnu-tools-for-stm32.12.3.rel1.win32_1.1.0.202410251130/tools/bin/../lib/gcc/arm-none-eabi/12.3.1/thumb/v7e-m+fp/hard/crtn.o
                0x080031b0                        . = ALIGN (0x4)
                0x080031b0                        _etext = .

.vfp11_veneer   0x080031b0        0x0
 .vfp11_veneer  0x080031b0        0x0 linker stubs

.v4_bx          0x080031b0        0x0
 .v4_bx         0x080031b0        0x0 linker stubs

.iplt           0x080031b0        0x0
 .iplt          0x080031b0        0x0 D:/STM32/STM32CubeIDE_1.7.0/STM32CubeIDE/plugins/com.st.stm32cube.ide.mcu.externaltools.gnu-tools-for-stm32.12.3.rel1.win32_1.1.0.202410251130/tools/bin/../lib/gcc/arm-none-eabi/12.3.1/thumb/v7e-m+fp/hard/crtbegin.o

.rodata         0x080031b0      0xe88
                0x080031b0                        . = ALIGN (0x4)
 *(.rodata)
 .rodata        0x080031b0        0xe ./Src/main.o
 *fill*         0x080031be        0x2 
 .rodata        0x080031c0        0xf D:\Study\st\IOT-Programming-with-Master-Embedded\Courseware 2\SDK_1.0.3_NUCLEO-F401RE\lib_stm\libLibraries.a(ucg_font.o)
 *(.rodata*)
 *fill*         0x080031cf        0x1 
 .rodata.ucg_st7735_set_pos_seq
                0x080031d0       0x1e D:\Study\st\IOT-Programming-with-Master-Embedded\Courseware 2\SDK_1.0.3_NUCLEO-F401RE\lib_stm\libLibraries.a(ucg_dev_ic_st7735.o)
                0x080031d0                ucg_st7735_set_pos_seq
 *fill*         0x080031ee        0x2 
 .rodata.ucg_st7735_set_pos_dir0_seq
                0x080031f0       0x1e D:\Study\st\IOT-Programming-with-Master-Embedded\Courseware 2\SDK_1.0.3_NUCLEO-F401RE\lib_stm\libLibraries.a(ucg_dev_ic_st7735.o)
                0x080031f0                ucg_st7735_set_pos_dir0_seq
 *fill*         0x0800320e        0x2 
 .rodata.ucg_st7735_set_pos_dir1_seq
                0x08003210       0x21 D:\Study\st\IOT-Programming-with-Master-Embedded\Courseware 2\SDK_1.0.3_NUCLEO-F401RE\lib_stm\libLibraries.a(ucg_dev_ic_st7735.o)
                0x08003210                ucg_st7735_set_pos_dir1_seq
 *fill*         0x08003231        0x3 
 .rodata.ucg_st7735_set_pos_dir2_seq
                0x08003234       0x21 D:\Study\st\IOT-Programming-with-Master-Embedded\Courseware 2\SDK_1.0.3_NUCLEO-F401RE\lib_stm\libLibraries.a(ucg_dev_ic_st7735.o)
                0x08003234                ucg_st7735_set_pos_dir2_seq
 *fill*         0x08003255        0x3 
 .rodata.ucg_st7735_set_pos_dir3_seq
                0x08003258       0x24 D:\Study\st\IOT-Programming-with-Master-Embedded\Courseware 2\SDK_1.0.3_NUCLEO-F401RE\lib_stm\libLibraries.a(ucg_dev_ic_st7735.o)
                0x08003258                ucg_st7735_set_pos_dir3_seq
 .rodata.ucg_st7735_power_down_seq
                0x0800327c        0x7 D:\Study\st\IOT-Programming-with-Master-Embedded\Courseware 2\SDK_1.0.3_NUCLEO-F401RE\lib_stm\libLibraries.a(ucg_dev_ic_st7735.o)
 *fill*         0x08003283        0x1 
 .rodata.ucg_tft_128x160_st7735_init_seq
                0x08003284       0x2c D:\Study\st\IOT-Programming-with-Master-Embedded\Courseware 2\SDK_1.0.3_NUCLEO-F401RE\lib_stm\libLibraries.a(ucg_dev_tft_128x128_st7735.o)
 .rodata.ucg_font_profont15_mf
                0x080032b0      0xd88 D:\Study\st\IOT-Programming-with-Master-Embedded\Courseware 2\SDK_1.0.3_NUCLEO-F401RE\lib_stm\libLibraries.a(ucg_pixel_font_data.o)
                0x080032b0                ucg_font_profont15_mf
                0x08004038                        . = ALIGN (0x4)

.ARM.extab      0x08004038        0x0
                0x08004038                        . = ALIGN (0x4)
 *(.ARM.extab* .gnu.linkonce.armextab.*)
                0x08004038                        . = ALIGN (0x4)

.ARM            0x08004038        0x0
                0x08004038                        . = ALIGN (0x4)
                0x08004038                        __exidx_start = .
 *(.ARM.exidx*)
                0x08004038                        __exidx_end = .
                0x08004038                        . = ALIGN (0x4)

.preinit_array  0x08004038        0x0
                0x08004038                        . = ALIGN (0x4)
                0x08004038                        PROVIDE (__preinit_array_start = .)
 *(.preinit_array*)
                0x08004038                        PROVIDE (__preinit_array_end = .)
                0x08004038                        . = ALIGN (0x4)

.init_array     0x08004038        0x4
                0x08004038                        . = ALIGN (0x4)
                0x08004038                        PROVIDE (__init_array_start = .)
 *(SORT_BY_NAME(.init_array.*))
 *(.init_array*)
 .init_array    0x08004038        0x4 D:/STM32/STM32CubeIDE_1.7.0/STM32CubeIDE/plugins/com.st.stm32cube.ide.mcu.externaltools.gnu-tools-for-stm32.12.3.rel1.win32_1.1.0.202410251130/tools/bin/../lib/gcc/arm-none-eabi/12.3.1/thumb/v7e-m+fp/hard/crtbegin.o
                0x0800403c                        PROVIDE (__init_array_end = .)
                0x0800403c                        . = ALIGN (0x4)

.fini_array     0x0800403c        0x4
                0x0800403c                        . = ALIGN (0x4)
                [!provide]                        PROVIDE (__fini_array_start = .)
 *(SORT_BY_NAME(.fini_array.*))
 *(.fini_array*)
 .fini_array    0x0800403c        0x4 D:/STM32/STM32CubeIDE_1.7.0/STM32CubeIDE/plugins/com.st.stm32cube.ide.mcu.externaltools.gnu-tools-for-stm32.12.3.rel1.win32_1.1.0.202410251130/tools/bin/../lib/gcc/arm-none-eabi/12.3.1/thumb/v7e-m+fp/hard/crtbegin.o
                [!provide]                        PROVIDE (__fini_array_end = .)
                0x08004040                        . = ALIGN (0x4)
                0x08004040                        _sidata = LOADADDR (.data)

.rel.dyn        0x08004040        0x0
 .rel.iplt      0x08004040        0x0 D:/STM32/STM32CubeIDE_1.7.0/STM32CubeIDE/plugins/com.st.stm32cube.ide.mcu.externaltools.gnu-tools-for-stm32.12.3.rel1.win32_1.1.0.202410251130/tools/bin/../lib/gcc/arm-none-eabi/12.3.1/thumb/v7e-m+fp/hard/crtbegin.o

.data           0x20000000       0x28 load address 0x08004040
                0x20000000                        . = ALIGN (0x4)
                0x20000000                        _sdata = .
 *(.data)
 *(.data*)
 .data.SystemCoreClock
                0x20000000        0x4 D:\Study\st\IOT-Programming-with-Master-Embedded\Courseware 2\SDK_1.0.3_NUCLEO-F401RE\lib_stm\libLibraries.a(system_stm32f4xx.o)
                0x20000000                SystemCoreClock
 .data.AHBPrescTable
                0x20000004       0x10 D:\Study\st\IOT-Programming-with-Master-Embedded\Courseware 2\SDK_1.0.3_NUCLEO-F401RE\lib_stm\libLibraries.a(system_stm32f4xx.o)
                0x20000004                AHBPrescTable
 .data.idTaskScanDecodeLen
                0x20000014        0x1 D:\Study\st\IOT-Programming-with-Master-Embedded\Courseware 2\SDK_1.0.3_NUCLEO-F401RE\lib_stm\libLibraries.a(ucg_font.o)
 *fill*         0x20000015        0x3 
 .data.APBAHBPrescTable
                0x20000018       0x10 D:\Study\st\IOT-Programming-with-Master-Embedded\Courseware 2\SDK_1.0.3_NUCLEO-F401RE\lib_stm\libLibraries.a(stm32f401re_rcc.o)
 *(.RamFunc)
 *(.RamFunc*)
                0x20000028                        . = ALIGN (0x4)
                0x20000028                        _edata = .

.igot.plt       0x20000028        0x0 load address 0x08004068
 .igot.plt      0x20000028        0x0 D:/STM32/STM32CubeIDE_1.7.0/STM32CubeIDE/plugins/com.st.stm32cube.ide.mcu.externaltools.gnu-tools-for-stm32.12.3.rel1.win32_1.1.0.202410251130/tools/bin/../lib/gcc/arm-none-eabi/12.3.1/thumb/v7e-m+fp/hard/crtbegin.o
                0x20000028                        . = ALIGN (0x4)

.bss            0x20000028     0x1274 load address 0x08004068
                0x20000028                        _sbss = .
                0x20000028                        __bss_start__ = _sbss
 *(.bss)
 .bss           0x20000028       0x1c D:/STM32/STM32CubeIDE_1.7.0/STM32CubeIDE/plugins/com.st.stm32cube.ide.mcu.externaltools.gnu-tools-for-stm32.12.3.rel1.win32_1.1.0.202410251130/tools/bin/../lib/gcc/arm-none-eabi/12.3.1/thumb/v7e-m+fp/hard/crtbegin.o
 *(.bss*)
 .bss.ucg       0x20000044       0xb4 ./Src/main.o
 .bss.g_pTimerHandle
                0x200000f8      0x180 D:\Study\st\IOT-Programming-with-Master-Embedded\Courseware 2\SDK_1.0.3_NUCLEO-F401RE\lib_stm\libLibraries.a(timer.o)
 .bss.g_wMilSecTickTimer
                0x20000278        0x4 D:\Study\st\IOT-Programming-with-Master-Embedded\Courseware 2\SDK_1.0.3_NUCLEO-F401RE\lib_stm\libLibraries.a(timer.o)
 .bss.fontQueue
                0x2000027c       0x10 D:\Study\st\IOT-Programming-with-Master-Embedded\Courseware 2\SDK_1.0.3_NUCLEO-F401RE\lib_stm\libLibraries.a(ucg_font.o)
 .bss.pQueueFont
                0x2000028c     0x1000 D:\Study\st\IOT-Programming-with-Master-Embedded\Courseware 2\SDK_1.0.3_NUCLEO-F401RE\lib_stm\libLibraries.a(ucg_font.o)
 .bss.next.7562
                0x2000128c        0x1 D:\Study\st\IOT-Programming-with-Master-Embedded\Courseware 2\SDK_1.0.3_NUCLEO-F401RE\lib_stm\libLibraries.a(ucg_font.o)
 *(COMMON)
 *fill*         0x2000128d        0x3 
 COMMON         0x20001290        0xc D:\Study\st\IOT-Programming-with-Master-Embedded\Courseware 2\SDK_1.0.3_NUCLEO-F401RE\lib_stm\libLibraries.a(ucg_font.o)
                0x20001290                ucg_draw_str
                0x2000129c                        . = ALIGN (0x4)
                0x2000129c                        _ebss = .
                0x2000129c                        __bss_end__ = _ebss

._user_heap_stack
                0x2000129c      0x604 load address 0x08004068
                0x200012a0                        . = ALIGN (0x8)
 *fill*         0x2000129c        0x4 
                [!provide]                        PROVIDE (end = .)
                0x200012a0                        PROVIDE (_end = .)
                0x200014a0                        . = (. + _Min_Heap_Size)
 *fill*         0x200012a0      0x200 
                0x200018a0                        . = (. + _Min_Stack_Size)
 *fill*         0x200014a0      0x400 
                0x200018a0                        . = ALIGN (0x8)

/DISCARD/
 libc.a(*)
 libm.a(*)
 libgcc.a(*)

.ARM.attributes
                0x00000000       0x30
 *(.ARM.attributes)
 .ARM.attributes
                0x00000000       0x22 D:/STM32/STM32CubeIDE_1.7.0/STM32CubeIDE/plugins/com.st.stm32cube.ide.mcu.externaltools.gnu-tools-for-stm32.12.3.rel1.win32_1.1.0.202410251130/tools/bin/../lib/gcc/arm-none-eabi/12.3.1/thumb/v7e-m+fp/hard/crti.o
 .ARM.attributes
                0x00000022       0x34 D:/STM32/STM32CubeIDE_1.7.0/STM32CubeIDE/plugins/com.st.stm32cube.ide.mcu.externaltools.gnu-tools-for-stm32.12.3.rel1.win32_1.1.0.202410251130/tools/bin/../lib/gcc/arm-none-eabi/12.3.1/thumb/v7e-m+fp/hard/crtbegin.o
 .ARM.attributes
                0x00000056       0x34 ./Src/main.o
 .ARM.attributes
                0x0000008a       0x21 ./Startup/startup_stm32f401retx.o
 .ARM.attributes
                0x000000ab       0x39 D:\Study\st\IOT-Programming-with-Master-Embedded\Courseware 2\SDK_1.0.3_NUCLEO-F401RE\lib_stm\libLibraries.a(system_stm32f4xx.o)
 .ARM.attributes
                0x000000e4       0x39 D:\Study\st\IOT-Programming-with-Master-Embedded\Courseware 2\SDK_1.0.3_NUCLEO-F401RE\lib_stm\libLibraries.a(timer.o)
 .ARM.attributes
                0x0000011d       0x39 D:\Study\st\IOT-Programming-with-Master-Embedded\Courseware 2\SDK_1.0.3_NUCLEO-F401RE\lib_stm\libLibraries.a(Ucglib.o)
 .ARM.attributes
                0x00000156       0x39 D:\Study\st\IOT-Programming-with-Master-Embedded\Courseware 2\SDK_1.0.3_NUCLEO-F401RE\lib_stm\libLibraries.a(ucg_box.o)
 .ARM.attributes
                0x0000018f       0x39 D:\Study\st\IOT-Programming-with-Master-Embedded\Courseware 2\SDK_1.0.3_NUCLEO-F401RE\lib_stm\libLibraries.a(ucg_ccs.o)
 .ARM.attributes
                0x000001c8       0x39 D:\Study\st\IOT-Programming-with-Master-Embedded\Courseware 2\SDK_1.0.3_NUCLEO-F401RE\lib_stm\libLibraries.a(ucg_dev_default_cb.o)
 .ARM.attributes
                0x00000201       0x39 D:\Study\st\IOT-Programming-with-Master-Embedded\Courseware 2\SDK_1.0.3_NUCLEO-F401RE\lib_stm\libLibraries.a(ucg_dev_ic_st7735.o)
 .ARM.attributes
                0x0000023a       0x39 D:\Study\st\IOT-Programming-with-Master-Embedded\Courseware 2\SDK_1.0.3_NUCLEO-F401RE\lib_stm\libLibraries.a(ucg_dev_msg_api.o)
 .ARM.attributes
                0x00000273       0x39 D:\Study\st\IOT-Programming-with-Master-Embedded\Courseware 2\SDK_1.0.3_NUCLEO-F401RE\lib_stm\libLibraries.a(ucg_dev_tft_128x128_st7735.o)
 .ARM.attributes
                0x000002ac       0x39 D:\Study\st\IOT-Programming-with-Master-Embedded\Courseware 2\SDK_1.0.3_NUCLEO-F401RE\lib_stm\libLibraries.a(ucg_font.o)
 .ARM.attributes
                0x000002e5       0x39 D:\Study\st\IOT-Programming-with-Master-Embedded\Courseware 2\SDK_1.0.3_NUCLEO-F401RE\lib_stm\libLibraries.a(ucg_init.o)
 .ARM.attributes
                0x0000031e       0x39 D:\Study\st\IOT-Programming-with-Master-Embedded\Courseware 2\SDK_1.0.3_NUCLEO-F401RE\lib_stm\libLibraries.a(ucg_line.o)
 .ARM.attributes
                0x00000357       0x39 D:\Study\st\IOT-Programming-with-Master-Embedded\Courseware 2\SDK_1.0.3_NUCLEO-F401RE\lib_stm\libLibraries.a(ucg_pixel.o)
 .ARM.attributes
                0x00000390       0x39 D:\Study\st\IOT-Programming-with-Master-Embedded\Courseware 2\SDK_1.0.3_NUCLEO-F401RE\lib_stm\libLibraries.a(ucg_pixel_font_data.o)
 .ARM.attributes
                0x000003c9       0x39 D:\Study\st\IOT-Programming-with-Master-Embedded\Courseware 2\SDK_1.0.3_NUCLEO-F401RE\lib_stm\libLibraries.a(ucg_rotate.o)
 .ARM.attributes
                0x00000402       0x39 D:\Study\st\IOT-Programming-with-Master-Embedded\Courseware 2\SDK_1.0.3_NUCLEO-F401RE\lib_stm\libLibraries.a(buff.o)
 .ARM.attributes
                0x0000043b       0x39 D:\Study\st\IOT-Programming-with-Master-Embedded\Courseware 2\SDK_1.0.3_NUCLEO-F401RE\lib_stm\libLibraries.a(utilities.o)
 .ARM.attributes
                0x00000474       0x39 D:\Study\st\IOT-Programming-with-Master-Embedded\Courseware 2\SDK_1.0.3_NUCLEO-F401RE\lib_stm\libLibraries.a(stm32f401re_gpio.o)
 .ARM.attributes
                0x000004ad       0x39 D:\Study\st\IOT-Programming-with-Master-Embedded\Courseware 2\SDK_1.0.3_NUCLEO-F401RE\lib_stm\libLibraries.a(stm32f401re_rcc.o)
 .ARM.attributes
                0x000004e6       0x39 D:\Study\st\IOT-Programming-with-Master-Embedded\Courseware 2\SDK_1.0.3_NUCLEO-F401RE\lib_stm\libLibraries.a(ucg_clip.o)
 .ARM.attributes
                0x0000051f       0x39 D:\Study\st\IOT-Programming-with-Master-Embedded\Courseware 2\SDK_1.0.3_NUCLEO-F401RE\lib_stm\libLibraries.a(ucg_com_msg_api.o)
 .ARM.attributes
                0x00000558       0x34 D:/STM32/STM32CubeIDE_1.7.0/STM32CubeIDE/plugins/com.st.stm32cube.ide.mcu.externaltools.gnu-tools-for-stm32.12.3.rel1.win32_1.1.0.202410251130/tools/bin/../lib/gcc/arm-none-eabi/12.3.1/../../../../arm-none-eabi/lib/thumb/v7e-m+fp/hard\libc_nano.a(libc_a-init.o)
 .ARM.attributes
                0x0000058c       0x22 D:/STM32/STM32CubeIDE_1.7.0/STM32CubeIDE/plugins/com.st.stm32cube.ide.mcu.externaltools.gnu-tools-for-stm32.12.3.rel1.win32_1.1.0.202410251130/tools/bin/../lib/gcc/arm-none-eabi/12.3.1/thumb/v7e-m+fp/hard/crtn.o
OUTPUT(testttcs.elf elf32-littlearm)
LOAD linker stubs
LOAD D:/STM32/STM32CubeIDE_1.7.0/STM32CubeIDE/plugins/com.st.stm32cube.ide.mcu.externaltools.gnu-tools-for-stm32.12.3.rel1.win32_1.1.0.202410251130/tools/bin/../lib/gcc/arm-none-eabi/12.3.1/../../../../arm-none-eabi/lib/thumb/v7e-m+fp/hard\libc.a
LOAD D:/STM32/STM32CubeIDE_1.7.0/STM32CubeIDE/plugins/com.st.stm32cube.ide.mcu.externaltools.gnu-tools-for-stm32.12.3.rel1.win32_1.1.0.202410251130/tools/bin/../lib/gcc/arm-none-eabi/12.3.1/../../../../arm-none-eabi/lib/thumb/v7e-m+fp/hard\libm.a
LOAD D:/STM32/STM32CubeIDE_1.7.0/STM32CubeIDE/plugins/com.st.stm32cube.ide.mcu.externaltools.gnu-tools-for-stm32.12.3.rel1.win32_1.1.0.202410251130/tools/bin/../lib/gcc/arm-none-eabi/12.3.1/thumb/v7e-m+fp/hard\libgcc.a

.debug_info     0x00000000    0x34223
 .debug_info    0x00000000      0x7d3 ./Src/main.o
 .debug_info    0x000007d3       0x30 ./Startup/startup_stm32f401retx.o
 .debug_info    0x00000803      0x5bb D:\Study\st\IOT-Programming-with-Master-Embedded\Courseware 2\SDK_1.0.3_NUCLEO-F401RE\lib_stm\libLibraries.a(system_stm32f4xx.o)
 .debug_info    0x00000dbe      0x922 D:\Study\st\IOT-Programming-with-Master-Embedded\Courseware 2\SDK_1.0.3_NUCLEO-F401RE\lib_stm\libLibraries.a(timer.o)
 .debug_info    0x000016e0     0x333f D:\Study\st\IOT-Programming-with-Master-Embedded\Courseware 2\SDK_1.0.3_NUCLEO-F401RE\lib_stm\libLibraries.a(Ucglib.o)
 .debug_info    0x00004a1f     0x329d D:\Study\st\IOT-Programming-with-Master-Embedded\Courseware 2\SDK_1.0.3_NUCLEO-F401RE\lib_stm\libLibraries.a(ucg_box.o)
 .debug_info    0x00007cbc     0x2b08 D:\Study\st\IOT-Programming-with-Master-Embedded\Courseware 2\SDK_1.0.3_NUCLEO-F401RE\lib_stm\libLibraries.a(ucg_ccs.o)
 .debug_info    0x0000a7c4     0x324b D:\Study\st\IOT-Programming-with-Master-Embedded\Courseware 2\SDK_1.0.3_NUCLEO-F401RE\lib_stm\libLibraries.a(ucg_dev_default_cb.o)
 .debug_info    0x0000da0f     0x3272 D:\Study\st\IOT-Programming-with-Master-Embedded\Courseware 2\SDK_1.0.3_NUCLEO-F401RE\lib_stm\libLibraries.a(ucg_dev_ic_st7735.o)
 .debug_info    0x00010c81     0x3178 D:\Study\st\IOT-Programming-with-Master-Embedded\Courseware 2\SDK_1.0.3_NUCLEO-F401RE\lib_stm\libLibraries.a(ucg_dev_msg_api.o)
 .debug_info    0x00013df9     0x303e D:\Study\st\IOT-Programming-with-Master-Embedded\Courseware 2\SDK_1.0.3_NUCLEO-F401RE\lib_stm\libLibraries.a(ucg_dev_tft_128x128_st7735.o)
 .debug_info    0x00016e37     0x43ab D:\Study\st\IOT-Programming-with-Master-Embedded\Courseware 2\SDK_1.0.3_NUCLEO-F401RE\lib_stm\libLibraries.a(ucg_font.o)
 .debug_info    0x0001b1e2     0x3856 D:\Study\st\IOT-Programming-with-Master-Embedded\Courseware 2\SDK_1.0.3_NUCLEO-F401RE\lib_stm\libLibraries.a(ucg_init.o)
 .debug_info    0x0001ea38     0x3222 D:\Study\st\IOT-Programming-with-Master-Embedded\Courseware 2\SDK_1.0.3_NUCLEO-F401RE\lib_stm\libLibraries.a(ucg_line.o)
 .debug_info    0x00021c5a     0x3056 D:\Study\st\IOT-Programming-with-Master-Embedded\Courseware 2\SDK_1.0.3_NUCLEO-F401RE\lib_stm\libLibraries.a(ucg_pixel.o)
 .debug_info    0x00024cb0     0x43df D:\Study\st\IOT-Programming-with-Master-Embedded\Courseware 2\SDK_1.0.3_NUCLEO-F401RE\lib_stm\libLibraries.a(ucg_pixel_font_data.o)
 .debug_info    0x0002908f     0x3231 D:\Study\st\IOT-Programming-with-Master-Embedded\Courseware 2\SDK_1.0.3_NUCLEO-F401RE\lib_stm\libLibraries.a(ucg_rotate.o)
 .debug_info    0x0002c2c0      0x339 D:\Study\st\IOT-Programming-with-Master-Embedded\Courseware 2\SDK_1.0.3_NUCLEO-F401RE\lib_stm\libLibraries.a(buff.o)
 .debug_info    0x0002c5f9      0x2bd D:\Study\st\IOT-Programming-with-Master-Embedded\Courseware 2\SDK_1.0.3_NUCLEO-F401RE\lib_stm\libLibraries.a(utilities.o)
 .debug_info    0x0002c8b6      0x62b D:\Study\st\IOT-Programming-with-Master-Embedded\Courseware 2\SDK_1.0.3_NUCLEO-F401RE\lib_stm\libLibraries.a(stm32f401re_gpio.o)
 .debug_info    0x0002cee1      0xd5e D:\Study\st\IOT-Programming-with-Master-Embedded\Courseware 2\SDK_1.0.3_NUCLEO-F401RE\lib_stm\libLibraries.a(stm32f401re_rcc.o)
 .debug_info    0x0002dc3f     0x315a D:\Study\st\IOT-Programming-with-Master-Embedded\Courseware 2\SDK_1.0.3_NUCLEO-F401RE\lib_stm\libLibraries.a(ucg_clip.o)
 .debug_info    0x00030d99     0x348a D:\Study\st\IOT-Programming-with-Master-Embedded\Courseware 2\SDK_1.0.3_NUCLEO-F401RE\lib_stm\libLibraries.a(ucg_com_msg_api.o)

.debug_abbrev   0x00000000     0x2337
 .debug_abbrev  0x00000000      0x1d1 ./Src/main.o
 .debug_abbrev  0x000001d1       0x24 ./Startup/startup_stm32f401retx.o
 .debug_abbrev  0x000001f5      0x138 D:\Study\st\IOT-Programming-with-Master-Embedded\Courseware 2\SDK_1.0.3_NUCLEO-F401RE\lib_stm\libLibraries.a(system_stm32f4xx.o)
 .debug_abbrev  0x0000032d      0x29a D:\Study\st\IOT-Programming-with-Master-Embedded\Courseware 2\SDK_1.0.3_NUCLEO-F401RE\lib_stm\libLibraries.a(timer.o)
 .debug_abbrev  0x000005c7      0x202 D:\Study\st\IOT-Programming-with-Master-Embedded\Courseware 2\SDK_1.0.3_NUCLEO-F401RE\lib_stm\libLibraries.a(Ucglib.o)
 .debug_abbrev  0x000007c9      0x18b D:\Study\st\IOT-Programming-with-Master-Embedded\Courseware 2\SDK_1.0.3_NUCLEO-F401RE\lib_stm\libLibraries.a(ucg_box.o)
 .debug_abbrev  0x00000954       0xf5 D:\Study\st\IOT-Programming-with-Master-Embedded\Courseware 2\SDK_1.0.3_NUCLEO-F401RE\lib_stm\libLibraries.a(ucg_ccs.o)
 .debug_abbrev  0x00000a49      0x19e D:\Study\st\IOT-Programming-with-Master-Embedded\Courseware 2\SDK_1.0.3_NUCLEO-F401RE\lib_stm\libLibraries.a(ucg_dev_default_cb.o)
 .debug_abbrev  0x00000be7      0x1dc D:\Study\st\IOT-Programming-with-Master-Embedded\Courseware 2\SDK_1.0.3_NUCLEO-F401RE\lib_stm\libLibraries.a(ucg_dev_ic_st7735.o)
 .debug_abbrev  0x00000dc3      0x191 D:\Study\st\IOT-Programming-with-Master-Embedded\Courseware 2\SDK_1.0.3_NUCLEO-F401RE\lib_stm\libLibraries.a(ucg_dev_msg_api.o)
 .debug_abbrev  0x00000f54      0x14e D:\Study\st\IOT-Programming-with-Master-Embedded\Courseware 2\SDK_1.0.3_NUCLEO-F401RE\lib_stm\libLibraries.a(ucg_dev_tft_128x128_st7735.o)
 .debug_abbrev  0x000010a2      0x2fc D:\Study\st\IOT-Programming-with-Master-Embedded\Courseware 2\SDK_1.0.3_NUCLEO-F401RE\lib_stm\libLibraries.a(ucg_font.o)
 .debug_abbrev  0x0000139e      0x1c6 D:\Study\st\IOT-Programming-with-Master-Embedded\Courseware 2\SDK_1.0.3_NUCLEO-F401RE\lib_stm\libLibraries.a(ucg_init.o)
 .debug_abbrev  0x00001564      0x175 D:\Study\st\IOT-Programming-with-Master-Embedded\Courseware 2\SDK_1.0.3_NUCLEO-F401RE\lib_stm\libLibraries.a(ucg_line.o)
 .debug_abbrev  0x000016d9      0x148 D:\Study\st\IOT-Programming-with-Master-Embedded\Courseware 2\SDK_1.0.3_NUCLEO-F401RE\lib_stm\libLibraries.a(ucg_pixel.o)
 .debug_abbrev  0x00001821       0x83 D:\Study\st\IOT-Programming-with-Master-Embedded\Courseware 2\SDK_1.0.3_NUCLEO-F401RE\lib_stm\libLibraries.a(ucg_pixel_font_data.o)
 .debug_abbrev  0x000018a4      0x1a3 D:\Study\st\IOT-Programming-with-Master-Embedded\Courseware 2\SDK_1.0.3_NUCLEO-F401RE\lib_stm\libLibraries.a(ucg_rotate.o)
 .debug_abbrev  0x00001a47      0x12a D:\Study\st\IOT-Programming-with-Master-Embedded\Courseware 2\SDK_1.0.3_NUCLEO-F401RE\lib_stm\libLibraries.a(buff.o)
 .debug_abbrev  0x00001b71       0xce D:\Study\st\IOT-Programming-with-Master-Embedded\Courseware 2\SDK_1.0.3_NUCLEO-F401RE\lib_stm\libLibraries.a(utilities.o)
 .debug_abbrev  0x00001c3f      0x1bf D:\Study\st\IOT-Programming-with-Master-Embedded\Courseware 2\SDK_1.0.3_NUCLEO-F401RE\lib_stm\libLibraries.a(stm32f401re_gpio.o)
 .debug_abbrev  0x00001dfe      0x1d4 D:\Study\st\IOT-Programming-with-Master-Embedded\Courseware 2\SDK_1.0.3_NUCLEO-F401RE\lib_stm\libLibraries.a(stm32f401re_rcc.o)
 .debug_abbrev  0x00001fd2      0x173 D:\Study\st\IOT-Programming-with-Master-Embedded\Courseware 2\SDK_1.0.3_NUCLEO-F401RE\lib_stm\libLibraries.a(ucg_clip.o)
 .debug_abbrev  0x00002145      0x1f2 D:\Study\st\IOT-Programming-with-Master-Embedded\Courseware 2\SDK_1.0.3_NUCLEO-F401RE\lib_stm\libLibraries.a(ucg_com_msg_api.o)

.debug_aranges  0x00000000      0x8d8
 .debug_aranges
                0x00000000       0x20 ./Src/main.o
 .debug_aranges
                0x00000020       0x28 ./Startup/startup_stm32f401retx.o
 .debug_aranges
                0x00000048       0x30 D:\Study\st\IOT-Programming-with-Master-Embedded\Courseware 2\SDK_1.0.3_NUCLEO-F401RE\lib_stm\libLibraries.a(system_stm32f4xx.o)
 .debug_aranges
                0x00000078       0x70 D:\Study\st\IOT-Programming-with-Master-Embedded\Courseware 2\SDK_1.0.3_NUCLEO-F401RE\lib_stm\libLibraries.a(timer.o)
 .debug_aranges
                0x000000e8       0x48 D:\Study\st\IOT-Programming-with-Master-Embedded\Courseware 2\SDK_1.0.3_NUCLEO-F401RE\lib_stm\libLibraries.a(Ucglib.o)
 .debug_aranges
                0x00000130       0x48 D:\Study\st\IOT-Programming-with-Master-Embedded\Courseware 2\SDK_1.0.3_NUCLEO-F401RE\lib_stm\libLibraries.a(ucg_box.o)
 .debug_aranges
                0x00000178       0x30 D:\Study\st\IOT-Programming-with-Master-Embedded\Courseware 2\SDK_1.0.3_NUCLEO-F401RE\lib_stm\libLibraries.a(ucg_ccs.o)
 .debug_aranges
                0x000001a8       0x48 D:\Study\st\IOT-Programming-with-Master-Embedded\Courseware 2\SDK_1.0.3_NUCLEO-F401RE\lib_stm\libLibraries.a(ucg_dev_default_cb.o)
 .debug_aranges
                0x000001f0       0x40 D:\Study\st\IOT-Programming-with-Master-Embedded\Courseware 2\SDK_1.0.3_NUCLEO-F401RE\lib_stm\libLibraries.a(ucg_dev_ic_st7735.o)
 .debug_aranges
                0x00000230       0x60 D:\Study\st\IOT-Programming-with-Master-Embedded\Courseware 2\SDK_1.0.3_NUCLEO-F401RE\lib_stm\libLibraries.a(ucg_dev_msg_api.o)
 .debug_aranges
                0x00000290       0x20 D:\Study\st\IOT-Programming-with-Master-Embedded\Courseware 2\SDK_1.0.3_NUCLEO-F401RE\lib_stm\libLibraries.a(ucg_dev_tft_128x128_st7735.o)
 .debug_aranges
                0x000002b0      0x168 D:\Study\st\IOT-Programming-with-Master-Embedded\Courseware 2\SDK_1.0.3_NUCLEO-F401RE\lib_stm\libLibraries.a(ucg_font.o)
 .debug_aranges
                0x00000418       0x28 D:\Study\st\IOT-Programming-with-Master-Embedded\Courseware 2\SDK_1.0.3_NUCLEO-F401RE\lib_stm\libLibraries.a(ucg_init.o)
 .debug_aranges
                0x00000440       0x48 D:\Study\st\IOT-Programming-with-Master-Embedded\Courseware 2\SDK_1.0.3_NUCLEO-F401RE\lib_stm\libLibraries.a(ucg_line.o)
 .debug_aranges
                0x00000488       0x28 D:\Study\st\IOT-Programming-with-Master-Embedded\Courseware 2\SDK_1.0.3_NUCLEO-F401RE\lib_stm\libLibraries.a(ucg_pixel.o)
 .debug_aranges
                0x000004b0       0x18 D:\Study\st\IOT-Programming-with-Master-Embedded\Courseware 2\SDK_1.0.3_NUCLEO-F401RE\lib_stm\libLibraries.a(ucg_pixel_font_data.o)
 .debug_aranges
                0x000004c8       0x68 D:\Study\st\IOT-Programming-with-Master-Embedded\Courseware 2\SDK_1.0.3_NUCLEO-F401RE\lib_stm\libLibraries.a(ucg_rotate.o)
 .debug_aranges
                0x00000530       0x50 D:\Study\st\IOT-Programming-with-Master-Embedded\Courseware 2\SDK_1.0.3_NUCLEO-F401RE\lib_stm\libLibraries.a(buff.o)
 .debug_aranges
                0x00000580       0x48 D:\Study\st\IOT-Programming-with-Master-Embedded\Courseware 2\SDK_1.0.3_NUCLEO-F401RE\lib_stm\libLibraries.a(utilities.o)
 .debug_aranges
                0x000005c8       0x88 D:\Study\st\IOT-Programming-with-Master-Embedded\Courseware 2\SDK_1.0.3_NUCLEO-F401RE\lib_stm\libLibraries.a(stm32f401re_gpio.o)
 .debug_aranges
                0x00000650      0x198 D:\Study\st\IOT-Programming-with-Master-Embedded\Courseware 2\SDK_1.0.3_NUCLEO-F401RE\lib_stm\libLibraries.a(stm32f401re_rcc.o)
 .debug_aranges
                0x000007e8       0x50 D:\Study\st\IOT-Programming-with-Master-Embedded\Courseware 2\SDK_1.0.3_NUCLEO-F401RE\lib_stm\libLibraries.a(ucg_clip.o)
 .debug_aranges
                0x00000838       0xa0 D:\Study\st\IOT-Programming-with-Master-Embedded\Courseware 2\SDK_1.0.3_NUCLEO-F401RE\lib_stm\libLibraries.a(ucg_com_msg_api.o)

.debug_rnglists
                0x00000000       0x2c
 .debug_rnglists
                0x00000000       0x13 ./Src/main.o
 .debug_rnglists
                0x00000013       0x19 ./Startup/startup_stm32f401retx.o

.debug_macro    0x00000000     0xda27
 .debug_macro   0x00000000       0x8e ./Src/main.o
 .debug_macro   0x0000008e      0xac0 ./Src/main.o
 .debug_macro   0x00000b4e       0x22 ./Src/main.o
 .debug_macro   0x00000b70       0x8e ./Src/main.o
 .debug_macro   0x00000bfe       0x51 ./Src/main.o
 .debug_macro   0x00000c4f      0x103 ./Src/main.o
 .debug_macro   0x00000d52       0x6a ./Src/main.o
 .debug_macro   0x00000dbc      0x1df ./Src/main.o
 .debug_macro   0x00000f9b       0x22 ./Src/main.o
 .debug_macro   0x00000fbd      0x189 ./Src/main.o
 .debug_macro   0x00001146      0x301 ./Src/main.o
 .debug_macro   0x00001447       0xce D:\Study\st\IOT-Programming-with-Master-Embedded\Courseware 2\SDK_1.0.3_NUCLEO-F401RE\lib_stm\libLibraries.a(system_stm32f4xx.o)
 .debug_macro   0x00001515      0xa66 D:\Study\st\IOT-Programming-with-Master-Embedded\Courseware 2\SDK_1.0.3_NUCLEO-F401RE\lib_stm\libLibraries.a(system_stm32f4xx.o)
 .debug_macro   0x00001f7b       0x6b D:\Study\st\IOT-Programming-with-Master-Embedded\Courseware 2\SDK_1.0.3_NUCLEO-F401RE\lib_stm\libLibraries.a(system_stm32f4xx.o)
 .debug_macro   0x00001fe6       0x3b D:\Study\st\IOT-Programming-with-Master-Embedded\Courseware 2\SDK_1.0.3_NUCLEO-F401RE\lib_stm\libLibraries.a(system_stm32f4xx.o)
 .debug_macro   0x00002021       0x22 D:\Study\st\IOT-Programming-with-Master-Embedded\Courseware 2\SDK_1.0.3_NUCLEO-F401RE\lib_stm\libLibraries.a(system_stm32f4xx.o)
 .debug_macro   0x00002043       0x8e D:\Study\st\IOT-Programming-with-Master-Embedded\Courseware 2\SDK_1.0.3_NUCLEO-F401RE\lib_stm\libLibraries.a(system_stm32f4xx.o)
 .debug_macro   0x000020d1       0xef D:\Study\st\IOT-Programming-with-Master-Embedded\Courseware 2\SDK_1.0.3_NUCLEO-F401RE\lib_stm\libLibraries.a(system_stm32f4xx.o)
 .debug_macro   0x000021c0       0x34 D:\Study\st\IOT-Programming-with-Master-Embedded\Courseware 2\SDK_1.0.3_NUCLEO-F401RE\lib_stm\libLibraries.a(system_stm32f4xx.o)
 .debug_macro   0x000021f4       0x26 D:\Study\st\IOT-Programming-with-Master-Embedded\Courseware 2\SDK_1.0.3_NUCLEO-F401RE\lib_stm\libLibraries.a(system_stm32f4xx.o)
 .debug_macro   0x0000221a      0xe43 D:\Study\st\IOT-Programming-with-Master-Embedded\Courseware 2\SDK_1.0.3_NUCLEO-F401RE\lib_stm\libLibraries.a(system_stm32f4xx.o)
 .debug_macro   0x0000305d     0x8018 D:\Study\st\IOT-Programming-with-Master-Embedded\Courseware 2\SDK_1.0.3_NUCLEO-F401RE\lib_stm\libLibraries.a(system_stm32f4xx.o)
 .debug_macro   0x0000b075       0xe3 D:\Study\st\IOT-Programming-with-Master-Embedded\Courseware 2\SDK_1.0.3_NUCLEO-F401RE\lib_stm\libLibraries.a(timer.o)
 .debug_macro   0x0000b158       0x1c D:\Study\st\IOT-Programming-with-Master-Embedded\Courseware 2\SDK_1.0.3_NUCLEO-F401RE\lib_stm\libLibraries.a(timer.o)
 .debug_macro   0x0000b174      0x644 D:\Study\st\IOT-Programming-with-Master-Embedded\Courseware 2\SDK_1.0.3_NUCLEO-F401RE\lib_stm\libLibraries.a(timer.o)
 .debug_macro   0x0000b7b8       0x16 D:\Study\st\IOT-Programming-with-Master-Embedded\Courseware 2\SDK_1.0.3_NUCLEO-F401RE\lib_stm\libLibraries.a(timer.o)
 .debug_macro   0x0000b7ce      0x141 D:\Study\st\IOT-Programming-with-Master-Embedded\Courseware 2\SDK_1.0.3_NUCLEO-F401RE\lib_stm\libLibraries.a(Ucglib.o)
 .debug_macro   0x0000b90f      0x174 D:\Study\st\IOT-Programming-with-Master-Embedded\Courseware 2\SDK_1.0.3_NUCLEO-F401RE\lib_stm\libLibraries.a(Ucglib.o)
 .debug_macro   0x0000ba83      0x2f4 D:\Study\st\IOT-Programming-with-Master-Embedded\Courseware 2\SDK_1.0.3_NUCLEO-F401RE\lib_stm\libLibraries.a(Ucglib.o)
 .debug_macro   0x0000bd77       0x84 D:\Study\st\IOT-Programming-with-Master-Embedded\Courseware 2\SDK_1.0.3_NUCLEO-F401RE\lib_stm\libLibraries.a(ucg_box.o)
 .debug_macro   0x0000bdfb       0x84 D:\Study\st\IOT-Programming-with-Master-Embedded\Courseware 2\SDK_1.0.3_NUCLEO-F401RE\lib_stm\libLibraries.a(ucg_ccs.o)
 .debug_macro   0x0000be7f       0x84 D:\Study\st\IOT-Programming-with-Master-Embedded\Courseware 2\SDK_1.0.3_NUCLEO-F401RE\lib_stm\libLibraries.a(ucg_dev_default_cb.o)
 .debug_macro   0x0000bf03       0x84 D:\Study\st\IOT-Programming-with-Master-Embedded\Courseware 2\SDK_1.0.3_NUCLEO-F401RE\lib_stm\libLibraries.a(ucg_dev_ic_st7735.o)
 .debug_macro   0x0000bf87       0x88 D:\Study\st\IOT-Programming-with-Master-Embedded\Courseware 2\SDK_1.0.3_NUCLEO-F401RE\lib_stm\libLibraries.a(ucg_dev_msg_api.o)
 .debug_macro   0x0000c00f       0x84 D:\Study\st\IOT-Programming-with-Master-Embedded\Courseware 2\SDK_1.0.3_NUCLEO-F401RE\lib_stm\libLibraries.a(ucg_dev_tft_128x128_st7735.o)
 .debug_macro   0x0000c093      0x15a D:\Study\st\IOT-Programming-with-Master-Embedded\Courseware 2\SDK_1.0.3_NUCLEO-F401RE\lib_stm\libLibraries.a(ucg_font.o)
 .debug_macro   0x0000c1ed       0x1c D:\Study\st\IOT-Programming-with-Master-Embedded\Courseware 2\SDK_1.0.3_NUCLEO-F401RE\lib_stm\libLibraries.a(ucg_font.o)
 .debug_macro   0x0000c209       0x46 D:\Study\st\IOT-Programming-with-Master-Embedded\Courseware 2\SDK_1.0.3_NUCLEO-F401RE\lib_stm\libLibraries.a(ucg_font.o)
 .debug_macro   0x0000c24f       0x18 D:\Study\st\IOT-Programming-with-Master-Embedded\Courseware 2\SDK_1.0.3_NUCLEO-F401RE\lib_stm\libLibraries.a(ucg_font.o)
 .debug_macro   0x0000c267       0x3c D:\Study\st\IOT-Programming-with-Master-Embedded\Courseware 2\SDK_1.0.3_NUCLEO-F401RE\lib_stm\libLibraries.a(ucg_font.o)
 .debug_macro   0x0000c2a3       0x52 D:\Study\st\IOT-Programming-with-Master-Embedded\Courseware 2\SDK_1.0.3_NUCLEO-F401RE\lib_stm\libLibraries.a(ucg_font.o)
 .debug_macro   0x0000c2f5       0x1f D:\Study\st\IOT-Programming-with-Master-Embedded\Courseware 2\SDK_1.0.3_NUCLEO-F401RE\lib_stm\libLibraries.a(ucg_font.o)
 .debug_macro   0x0000c314       0x43 D:\Study\st\IOT-Programming-with-Master-Embedded\Courseware 2\SDK_1.0.3_NUCLEO-F401RE\lib_stm\libLibraries.a(ucg_font.o)
 .debug_macro   0x0000c357       0x20 D:\Study\st\IOT-Programming-with-Master-Embedded\Courseware 2\SDK_1.0.3_NUCLEO-F401RE\lib_stm\libLibraries.a(ucg_font.o)
 .debug_macro   0x0000c377      0x1a3 D:\Study\st\IOT-Programming-with-Master-Embedded\Courseware 2\SDK_1.0.3_NUCLEO-F401RE\lib_stm\libLibraries.a(ucg_font.o)
 .debug_macro   0x0000c51a      0x330 D:\Study\st\IOT-Programming-with-Master-Embedded\Courseware 2\SDK_1.0.3_NUCLEO-F401RE\lib_stm\libLibraries.a(ucg_font.o)
 .debug_macro   0x0000c84a       0x10 D:\Study\st\IOT-Programming-with-Master-Embedded\Courseware 2\SDK_1.0.3_NUCLEO-F401RE\lib_stm\libLibraries.a(ucg_font.o)
 .debug_macro   0x0000c85a       0x35 D:\Study\st\IOT-Programming-with-Master-Embedded\Courseware 2\SDK_1.0.3_NUCLEO-F401RE\lib_stm\libLibraries.a(ucg_font.o)
 .debug_macro   0x0000c88f       0x20 D:\Study\st\IOT-Programming-with-Master-Embedded\Courseware 2\SDK_1.0.3_NUCLEO-F401RE\lib_stm\libLibraries.a(ucg_font.o)
 .debug_macro   0x0000c8af      0x145 D:\Study\st\IOT-Programming-with-Master-Embedded\Courseware 2\SDK_1.0.3_NUCLEO-F401RE\lib_stm\libLibraries.a(ucg_init.o)
 .debug_macro   0x0000c9f4       0x84 D:\Study\st\IOT-Programming-with-Master-Embedded\Courseware 2\SDK_1.0.3_NUCLEO-F401RE\lib_stm\libLibraries.a(ucg_line.o)
 .debug_macro   0x0000ca78       0x84 D:\Study\st\IOT-Programming-with-Master-Embedded\Courseware 2\SDK_1.0.3_NUCLEO-F401RE\lib_stm\libLibraries.a(ucg_pixel.o)
 .debug_macro   0x0000cafc       0x84 D:\Study\st\IOT-Programming-with-Master-Embedded\Courseware 2\SDK_1.0.3_NUCLEO-F401RE\lib_stm\libLibraries.a(ucg_pixel_font_data.o)
 .debug_macro   0x0000cb80       0xbd D:\Study\st\IOT-Programming-with-Master-Embedded\Courseware 2\SDK_1.0.3_NUCLEO-F401RE\lib_stm\libLibraries.a(ucg_rotate.o)
 .debug_macro   0x0000cc3d       0xc2 D:\Study\st\IOT-Programming-with-Master-Embedded\Courseware 2\SDK_1.0.3_NUCLEO-F401RE\lib_stm\libLibraries.a(buff.o)
 .debug_macro   0x0000ccff       0x16 D:\Study\st\IOT-Programming-with-Master-Embedded\Courseware 2\SDK_1.0.3_NUCLEO-F401RE\lib_stm\libLibraries.a(buff.o)
 .debug_macro   0x0000cd15       0x72 D:\Study\st\IOT-Programming-with-Master-Embedded\Courseware 2\SDK_1.0.3_NUCLEO-F401RE\lib_stm\libLibraries.a(utilities.o)
 .debug_macro   0x0000cd87       0x10 D:\Study\st\IOT-Programming-with-Master-Embedded\Courseware 2\SDK_1.0.3_NUCLEO-F401RE\lib_stm\libLibraries.a(utilities.o)
 .debug_macro   0x0000cd97       0xc3 D:\Study\st\IOT-Programming-with-Master-Embedded\Courseware 2\SDK_1.0.3_NUCLEO-F401RE\lib_stm\libLibraries.a(stm32f401re_gpio.o)
 .debug_macro   0x0000ce5a      0x2ee D:\Study\st\IOT-Programming-with-Master-Embedded\Courseware 2\SDK_1.0.3_NUCLEO-F401RE\lib_stm\libLibraries.a(stm32f401re_gpio.o)
 .debug_macro   0x0000d148      0x64a D:\Study\st\IOT-Programming-with-Master-Embedded\Courseware 2\SDK_1.0.3_NUCLEO-F401RE\lib_stm\libLibraries.a(stm32f401re_gpio.o)
 .debug_macro   0x0000d792      0x18d D:\Study\st\IOT-Programming-with-Master-Embedded\Courseware 2\SDK_1.0.3_NUCLEO-F401RE\lib_stm\libLibraries.a(stm32f401re_rcc.o)
 .debug_macro   0x0000d91f       0x84 D:\Study\st\IOT-Programming-with-Master-Embedded\Courseware 2\SDK_1.0.3_NUCLEO-F401RE\lib_stm\libLibraries.a(ucg_clip.o)
 .debug_macro   0x0000d9a3       0x84 D:\Study\st\IOT-Programming-with-Master-Embedded\Courseware 2\SDK_1.0.3_NUCLEO-F401RE\lib_stm\libLibraries.a(ucg_com_msg_api.o)

.debug_line     0x00000000     0x765c
 .debug_line    0x00000000      0x518 ./Src/main.o
 .debug_line    0x00000518       0x7b ./Startup/startup_stm32f401retx.o
 .debug_line    0x00000593      0x4a0 D:\Study\st\IOT-Programming-with-Master-Embedded\Courseware 2\SDK_1.0.3_NUCLEO-F401RE\lib_stm\libLibraries.a(system_stm32f4xx.o)
 .debug_line    0x00000a33      0x684 D:\Study\st\IOT-Programming-with-Master-Embedded\Courseware 2\SDK_1.0.3_NUCLEO-F401RE\lib_stm\libLibraries.a(timer.o)
 .debug_line    0x000010b7      0x5cd D:\Study\st\IOT-Programming-with-Master-Embedded\Courseware 2\SDK_1.0.3_NUCLEO-F401RE\lib_stm\libLibraries.a(Ucglib.o)
 .debug_line    0x00001684      0x4c6 D:\Study\st\IOT-Programming-with-Master-Embedded\Courseware 2\SDK_1.0.3_NUCLEO-F401RE\lib_stm\libLibraries.a(ucg_box.o)
 .debug_line    0x00001b4a      0x420 D:\Study\st\IOT-Programming-with-Master-Embedded\Courseware 2\SDK_1.0.3_NUCLEO-F401RE\lib_stm\libLibraries.a(ucg_ccs.o)
 .debug_line    0x00001f6a      0x521 D:\Study\st\IOT-Programming-with-Master-Embedded\Courseware 2\SDK_1.0.3_NUCLEO-F401RE\lib_stm\libLibraries.a(ucg_dev_default_cb.o)
 .debug_line    0x0000248b      0x512 D:\Study\st\IOT-Programming-with-Master-Embedded\Courseware 2\SDK_1.0.3_NUCLEO-F401RE\lib_stm\libLibraries.a(ucg_dev_ic_st7735.o)
 .debug_line    0x0000299d      0x48a D:\Study\st\IOT-Programming-with-Master-Embedded\Courseware 2\SDK_1.0.3_NUCLEO-F401RE\lib_stm\libLibraries.a(ucg_dev_msg_api.o)
 .debug_line    0x00002e27      0x403 D:\Study\st\IOT-Programming-with-Master-Embedded\Courseware 2\SDK_1.0.3_NUCLEO-F401RE\lib_stm\libLibraries.a(ucg_dev_tft_128x128_st7735.o)
 .debug_line    0x0000322a      0x971 D:\Study\st\IOT-Programming-with-Master-Embedded\Courseware 2\SDK_1.0.3_NUCLEO-F401RE\lib_stm\libLibraries.a(ucg_font.o)
 .debug_line    0x00003b9b      0x55c D:\Study\st\IOT-Programming-with-Master-Embedded\Courseware 2\SDK_1.0.3_NUCLEO-F401RE\lib_stm\libLibraries.a(ucg_init.o)
 .debug_line    0x000040f7      0x498 D:\Study\st\IOT-Programming-with-Master-Embedded\Courseware 2\SDK_1.0.3_NUCLEO-F401RE\lib_stm\libLibraries.a(ucg_line.o)
 .debug_line    0x0000458f      0x400 D:\Study\st\IOT-Programming-with-Master-Embedded\Courseware 2\SDK_1.0.3_NUCLEO-F401RE\lib_stm\libLibraries.a(ucg_pixel.o)
 .debug_line    0x0000498f      0x3e1 D:\Study\st\IOT-Programming-with-Master-Embedded\Courseware 2\SDK_1.0.3_NUCLEO-F401RE\lib_stm\libLibraries.a(ucg_pixel_font_data.o)
 .debug_line    0x00004d70      0x5d4 D:\Study\st\IOT-Programming-with-Master-Embedded\Courseware 2\SDK_1.0.3_NUCLEO-F401RE\lib_stm\libLibraries.a(ucg_rotate.o)
 .debug_line    0x00005344      0x532 D:\Study\st\IOT-Programming-with-Master-Embedded\Courseware 2\SDK_1.0.3_NUCLEO-F401RE\lib_stm\libLibraries.a(buff.o)
 .debug_line    0x00005876      0x46f D:\Study\st\IOT-Programming-with-Master-Embedded\Courseware 2\SDK_1.0.3_NUCLEO-F401RE\lib_stm\libLibraries.a(utilities.o)
 .debug_line    0x00005ce5      0x65e D:\Study\st\IOT-Programming-with-Master-Embedded\Courseware 2\SDK_1.0.3_NUCLEO-F401RE\lib_stm\libLibraries.a(stm32f401re_gpio.o)
 .debug_line    0x00006343      0x8d2 D:\Study\st\IOT-Programming-with-Master-Embedded\Courseware 2\SDK_1.0.3_NUCLEO-F401RE\lib_stm\libLibraries.a(stm32f401re_rcc.o)
 .debug_line    0x00006c15      0x4c1 D:\Study\st\IOT-Programming-with-Master-Embedded\Courseware 2\SDK_1.0.3_NUCLEO-F401RE\lib_stm\libLibraries.a(ucg_clip.o)
 .debug_line    0x000070d6      0x586 D:\Study\st\IOT-Programming-with-Master-Embedded\Courseware 2\SDK_1.0.3_NUCLEO-F401RE\lib_stm\libLibraries.a(ucg_com_msg_api.o)

.debug_str      0x00000000    0x45dd8
 .debug_str     0x00000000     0x586f ./Src/main.o
                               0x5b2a (size before relaxing)
 .debug_str     0x0000586f       0x3f ./Startup/startup_stm32f401retx.o
                                 0x54 (size before relaxing)
 .debug_str     0x000058ae    0x32082 D:\Study\st\IOT-Programming-with-Master-Embedded\Courseware 2\SDK_1.0.3_NUCLEO-F401RE\lib_stm\libLibraries.a(system_stm32f4xx.o)
                              0x3583e (size before relaxing)
 .debug_str     0x00037930     0x3d56 D:\Study\st\IOT-Programming-with-Master-Embedded\Courseware 2\SDK_1.0.3_NUCLEO-F401RE\lib_stm\libLibraries.a(timer.o)
                              0x39451 (size before relaxing)
 .debug_str     0x0003b686     0x5bc1 D:\Study\st\IOT-Programming-with-Master-Embedded\Courseware 2\SDK_1.0.3_NUCLEO-F401RE\lib_stm\libLibraries.a(Ucglib.o)
                              0x4067c (size before relaxing)
 .debug_str     0x00041247       0x76 D:\Study\st\IOT-Programming-with-Master-Embedded\Courseware 2\SDK_1.0.3_NUCLEO-F401RE\lib_stm\libLibraries.a(ucg_box.o)
                               0x9c13 (size before relaxing)
 .debug_str     0x000412bd       0x48 D:\Study\st\IOT-Programming-with-Master-Embedded\Courseware 2\SDK_1.0.3_NUCLEO-F401RE\lib_stm\libLibraries.a(ucg_ccs.o)
                               0x97ef (size before relaxing)
 .debug_str     0x00041305       0xaf D:\Study\st\IOT-Programming-with-Master-Embedded\Courseware 2\SDK_1.0.3_NUCLEO-F401RE\lib_stm\libLibraries.a(ucg_dev_default_cb.o)
                               0x9c41 (size before relaxing)
 .debug_str     0x000413b4      0x135 D:\Study\st\IOT-Programming-with-Master-Embedded\Courseware 2\SDK_1.0.3_NUCLEO-F401RE\lib_stm\libLibraries.a(ucg_dev_ic_st7735.o)
                               0x9ce5 (size before relaxing)
 .debug_str     0x000414e9       0xce D:\Study\st\IOT-Programming-with-Master-Embedded\Courseware 2\SDK_1.0.3_NUCLEO-F401RE\lib_stm\libLibraries.a(ucg_dev_msg_api.o)
                               0x9c5b (size before relaxing)
 .debug_str     0x000415b7       0x68 D:\Study\st\IOT-Programming-with-Master-Embedded\Courseware 2\SDK_1.0.3_NUCLEO-F401RE\lib_stm\libLibraries.a(ucg_dev_tft_128x128_st7735.o)
                               0x9c0a (size before relaxing)
 .debug_str     0x0004161f     0x3422 D:\Study\st\IOT-Programming-with-Master-Embedded\Courseware 2\SDK_1.0.3_NUCLEO-F401RE\lib_stm\libLibraries.a(ucg_font.o)
                               0xd07e (size before relaxing)
 .debug_str     0x00044a41       0x35 D:\Study\st\IOT-Programming-with-Master-Embedded\Courseware 2\SDK_1.0.3_NUCLEO-F401RE\lib_stm\libLibraries.a(ucg_init.o)
                               0xcb75 (size before relaxing)
 .debug_str     0x00044a76       0x8d D:\Study\st\IOT-Programming-with-Master-Embedded\Courseware 2\SDK_1.0.3_NUCLEO-F401RE\lib_stm\libLibraries.a(ucg_line.o)
                               0x9c1a (size before relaxing)
 .debug_str     0x00044b03       0x2b D:\Study\st\IOT-Programming-with-Master-Embedded\Courseware 2\SDK_1.0.3_NUCLEO-F401RE\lib_stm\libLibraries.a(ucg_pixel.o)
                               0x9bc5 (size before relaxing)
 .debug_str     0x00044b2e       0x27 D:\Study\st\IOT-Programming-with-Master-Embedded\Courseware 2\SDK_1.0.3_NUCLEO-F401RE\lib_stm\libLibraries.a(ucg_pixel_font_data.o)
                               0x9785 (size before relaxing)
 .debug_str     0x00044b55      0x152 D:\Study\st\IOT-Programming-with-Master-Embedded\Courseware 2\SDK_1.0.3_NUCLEO-F401RE\lib_stm\libLibraries.a(ucg_rotate.o)
                               0x9fb3 (size before relaxing)
 .debug_str     0x00044ca7       0x9f D:\Study\st\IOT-Programming-with-Master-Embedded\Courseware 2\SDK_1.0.3_NUCLEO-F401RE\lib_stm\libLibraries.a(buff.o)
                              0x35751 (size before relaxing)
 .debug_str     0x00044d46       0xb8 D:\Study\st\IOT-Programming-with-Master-Embedded\Courseware 2\SDK_1.0.3_NUCLEO-F401RE\lib_stm\libLibraries.a(utilities.o)
                               0x3d14 (size before relaxing)
 .debug_str     0x00044dfe      0x19d D:\Study\st\IOT-Programming-with-Master-Embedded\Courseware 2\SDK_1.0.3_NUCLEO-F401RE\lib_stm\libLibraries.a(stm32f401re_gpio.o)
                              0x3a690 (size before relaxing)
 .debug_str     0x00044f9b      0xb83 D:\Study\st\IOT-Programming-with-Master-Embedded\Courseware 2\SDK_1.0.3_NUCLEO-F401RE\lib_stm\libLibraries.a(stm32f401re_rcc.o)
                              0x39aa1 (size before relaxing)
 .debug_str     0x00045b1e       0xa5 D:\Study\st\IOT-Programming-with-Master-Embedded\Courseware 2\SDK_1.0.3_NUCLEO-F401RE\lib_stm\libLibraries.a(ucg_clip.o)
                               0x9c32 (size before relaxing)
 .debug_str     0x00045bc3      0x215 D:\Study\st\IOT-Programming-with-Master-Embedded\Courseware 2\SDK_1.0.3_NUCLEO-F401RE\lib_stm\libLibraries.a(ucg_com_msg_api.o)
                               0x9ddf (size before relaxing)

.comment        0x00000000       0xbe
 .comment       0x00000000       0x43 ./Src/main.o
                                 0x44 (size before relaxing)
 .comment       0x00000043       0x7b D:\Study\st\IOT-Programming-with-Master-Embedded\Courseware 2\SDK_1.0.3_NUCLEO-F401RE\lib_stm\libLibraries.a(system_stm32f4xx.o)
                                 0x7c (size before relaxing)
 .comment       0x000000be       0x7c D:\Study\st\IOT-Programming-with-Master-Embedded\Courseware 2\SDK_1.0.3_NUCLEO-F401RE\lib_stm\libLibraries.a(timer.o)
 .comment       0x000000be       0x7c D:\Study\st\IOT-Programming-with-Master-Embedded\Courseware 2\SDK_1.0.3_NUCLEO-F401RE\lib_stm\libLibraries.a(Ucglib.o)
 .comment       0x000000be       0x7c D:\Study\st\IOT-Programming-with-Master-Embedded\Courseware 2\SDK_1.0.3_NUCLEO-F401RE\lib_stm\libLibraries.a(ucg_box.o)
 .comment       0x000000be       0x7c D:\Study\st\IOT-Programming-with-Master-Embedded\Courseware 2\SDK_1.0.3_NUCLEO-F401RE\lib_stm\libLibraries.a(ucg_ccs.o)
 .comment       0x000000be       0x7c D:\Study\st\IOT-Programming-with-Master-Embedded\Courseware 2\SDK_1.0.3_NUCLEO-F401RE\lib_stm\libLibraries.a(ucg_dev_default_cb.o)
 .comment       0x000000be       0x7c D:\Study\st\IOT-Programming-with-Master-Embedded\Courseware 2\SDK_1.0.3_NUCLEO-F401RE\lib_stm\libLibraries.a(ucg_dev_ic_st7735.o)
 .comment       0x000000be       0x7c D:\Study\st\IOT-Programming-with-Master-Embedded\Courseware 2\SDK_1.0.3_NUCLEO-F401RE\lib_stm\libLibraries.a(ucg_dev_msg_api.o)
 .comment       0x000000be       0x7c D:\Study\st\IOT-Programming-with-Master-Embedded\Courseware 2\SDK_1.0.3_NUCLEO-F401RE\lib_stm\libLibraries.a(ucg_dev_tft_128x128_st7735.o)
 .comment       0x000000be       0x7c D:\Study\st\IOT-Programming-with-Master-Embedded\Courseware 2\SDK_1.0.3_NUCLEO-F401RE\lib_stm\libLibraries.a(ucg_font.o)
 .comment       0x000000be       0x7c D:\Study\st\IOT-Programming-with-Master-Embedded\Courseware 2\SDK_1.0.3_NUCLEO-F401RE\lib_stm\libLibraries.a(ucg_init.o)
 .comment       0x000000be       0x7c D:\Study\st\IOT-Programming-with-Master-Embedded\Courseware 2\SDK_1.0.3_NUCLEO-F401RE\lib_stm\libLibraries.a(ucg_line.o)
 .comment       0x000000be       0x7c D:\Study\st\IOT-Programming-with-Master-Embedded\Courseware 2\SDK_1.0.3_NUCLEO-F401RE\lib_stm\libLibraries.a(ucg_pixel.o)
 .comment       0x000000be       0x7c D:\Study\st\IOT-Programming-with-Master-Embedded\Courseware 2\SDK_1.0.3_NUCLEO-F401RE\lib_stm\libLibraries.a(ucg_pixel_font_data.o)
 .comment       0x000000be       0x7c D:\Study\st\IOT-Programming-with-Master-Embedded\Courseware 2\SDK_1.0.3_NUCLEO-F401RE\lib_stm\libLibraries.a(ucg_rotate.o)
 .comment       0x000000be       0x7c D:\Study\st\IOT-Programming-with-Master-Embedded\Courseware 2\SDK_1.0.3_NUCLEO-F401RE\lib_stm\libLibraries.a(buff.o)
 .comment       0x000000be       0x7c D:\Study\st\IOT-Programming-with-Master-Embedded\Courseware 2\SDK_1.0.3_NUCLEO-F401RE\lib_stm\libLibraries.a(utilities.o)
 .comment       0x000000be       0x7c D:\Study\st\IOT-Programming-with-Master-Embedded\Courseware 2\SDK_1.0.3_NUCLEO-F401RE\lib_stm\libLibraries.a(stm32f401re_gpio.o)
 .comment       0x000000be       0x7c D:\Study\st\IOT-Programming-with-Master-Embedded\Courseware 2\SDK_1.0.3_NUCLEO-F401RE\lib_stm\libLibraries.a(stm32f401re_rcc.o)
 .comment       0x000000be       0x7c D:\Study\st\IOT-Programming-with-Master-Embedded\Courseware 2\SDK_1.0.3_NUCLEO-F401RE\lib_stm\libLibraries.a(ucg_clip.o)
 .comment       0x000000be       0x7c D:\Study\st\IOT-Programming-with-Master-Embedded\Courseware 2\SDK_1.0.3_NUCLEO-F401RE\lib_stm\libLibraries.a(ucg_com_msg_api.o)

.debug_frame    0x00000000     0x2130
 .debug_frame   0x00000000       0x30 ./Src/main.o
 .debug_frame   0x00000030       0x74 D:\Study\st\IOT-Programming-with-Master-Embedded\Courseware 2\SDK_1.0.3_NUCLEO-F401RE\lib_stm\libLibraries.a(system_stm32f4xx.o)
 .debug_frame   0x000000a4      0x1a8 D:\Study\st\IOT-Programming-with-Master-Embedded\Courseware 2\SDK_1.0.3_NUCLEO-F401RE\lib_stm\libLibraries.a(timer.o)
 .debug_frame   0x0000024c       0xec D:\Study\st\IOT-Programming-with-Master-Embedded\Courseware 2\SDK_1.0.3_NUCLEO-F401RE\lib_stm\libLibraries.a(Ucglib.o)
 .debug_frame   0x00000338       0xf0 D:\Study\st\IOT-Programming-with-Master-Embedded\Courseware 2\SDK_1.0.3_NUCLEO-F401RE\lib_stm\libLibraries.a(ucg_box.o)
 .debug_frame   0x00000428       0x88 D:\Study\st\IOT-Programming-with-Master-Embedded\Courseware 2\SDK_1.0.3_NUCLEO-F401RE\lib_stm\libLibraries.a(ucg_ccs.o)
 .debug_frame   0x000004b0       0xec D:\Study\st\IOT-Programming-with-Master-Embedded\Courseware 2\SDK_1.0.3_NUCLEO-F401RE\lib_stm\libLibraries.a(ucg_dev_default_cb.o)
 .debug_frame   0x0000059c       0xd0 D:\Study\st\IOT-Programming-with-Master-Embedded\Courseware 2\SDK_1.0.3_NUCLEO-F401RE\lib_stm\libLibraries.a(ucg_dev_ic_st7735.o)
 .debug_frame   0x0000066c      0x154 D:\Study\st\IOT-Programming-with-Master-Embedded\Courseware 2\SDK_1.0.3_NUCLEO-F401RE\lib_stm\libLibraries.a(ucg_dev_msg_api.o)
 .debug_frame   0x000007c0       0x34 D:\Study\st\IOT-Programming-with-Master-Embedded\Courseware 2\SDK_1.0.3_NUCLEO-F401RE\lib_stm\libLibraries.a(ucg_dev_tft_128x128_st7735.o)
 .debug_frame   0x000007f4      0x664 D:\Study\st\IOT-Programming-with-Master-Embedded\Courseware 2\SDK_1.0.3_NUCLEO-F401RE\lib_stm\libLibraries.a(ucg_font.o)
 .debug_frame   0x00000e58       0x5c D:\Study\st\IOT-Programming-with-Master-Embedded\Courseware 2\SDK_1.0.3_NUCLEO-F401RE\lib_stm\libLibraries.a(ucg_init.o)
 .debug_frame   0x00000eb4       0xe8 D:\Study\st\IOT-Programming-with-Master-Embedded\Courseware 2\SDK_1.0.3_NUCLEO-F401RE\lib_stm\libLibraries.a(ucg_line.o)
 .debug_frame   0x00000f9c       0x5c D:\Study\st\IOT-Programming-with-Master-Embedded\Courseware 2\SDK_1.0.3_NUCLEO-F401RE\lib_stm\libLibraries.a(ucg_pixel.o)
 .debug_frame   0x00000ff8      0x184 D:\Study\st\IOT-Programming-with-Master-Embedded\Courseware 2\SDK_1.0.3_NUCLEO-F401RE\lib_stm\libLibraries.a(ucg_rotate.o)
 .debug_frame   0x0000117c      0x118 D:\Study\st\IOT-Programming-with-Master-Embedded\Courseware 2\SDK_1.0.3_NUCLEO-F401RE\lib_stm\libLibraries.a(buff.o)
 .debug_frame   0x00001294      0x100 D:\Study\st\IOT-Programming-with-Master-Embedded\Courseware 2\SDK_1.0.3_NUCLEO-F401RE\lib_stm\libLibraries.a(utilities.o)
 .debug_frame   0x00001394      0x23c D:\Study\st\IOT-Programming-with-Master-Embedded\Courseware 2\SDK_1.0.3_NUCLEO-F401RE\lib_stm\libLibraries.a(stm32f401re_gpio.o)
 .debug_frame   0x000015d0      0x774 D:\Study\st\IOT-Programming-with-Master-Embedded\Courseware 2\SDK_1.0.3_NUCLEO-F401RE\lib_stm\libLibraries.a(stm32f401re_rcc.o)
 .debug_frame   0x00001d44      0x11c D:\Study\st\IOT-Programming-with-Master-Embedded\Courseware 2\SDK_1.0.3_NUCLEO-F401RE\lib_stm\libLibraries.a(ucg_clip.o)
 .debug_frame   0x00001e60      0x2a4 D:\Study\st\IOT-Programming-with-Master-Embedded\Courseware 2\SDK_1.0.3_NUCLEO-F401RE\lib_stm\libLibraries.a(ucg_com_msg_api.o)
 .debug_frame   0x00002104       0x2c D:/STM32/STM32CubeIDE_1.7.0/STM32CubeIDE/plugins/com.st.stm32cube.ide.mcu.externaltools.gnu-tools-for-stm32.12.3.rel1.win32_1.1.0.202410251130/tools/bin/../lib/gcc/arm-none-eabi/12.3.1/../../../../arm-none-eabi/lib/thumb/v7e-m+fp/hard\libc_nano.a(libc_a-init.o)

.debug_line_str
                0x00000000       0x38
 .debug_line_str
                0x00000000       0x38 ./Startup/startup_stm32f401retx.o

.debug_ranges   0x00000000      0x738
 .debug_ranges  0x00000000       0x20 D:\Study\st\IOT-Programming-with-Master-Embedded\Courseware 2\SDK_1.0.3_NUCLEO-F401RE\lib_stm\libLibraries.a(system_stm32f4xx.o)
 .debug_ranges  0x00000020       0x60 D:\Study\st\IOT-Programming-with-Master-Embedded\Courseware 2\SDK_1.0.3_NUCLEO-F401RE\lib_stm\libLibraries.a(timer.o)
 .debug_ranges  0x00000080       0x38 D:\Study\st\IOT-Programming-with-Master-Embedded\Courseware 2\SDK_1.0.3_NUCLEO-F401RE\lib_stm\libLibraries.a(Ucglib.o)
 .debug_ranges  0x000000b8       0x38 D:\Study\st\IOT-Programming-with-Master-Embedded\Courseware 2\SDK_1.0.3_NUCLEO-F401RE\lib_stm\libLibraries.a(ucg_box.o)
 .debug_ranges  0x000000f0       0x20 D:\Study\st\IOT-Programming-with-Master-Embedded\Courseware 2\SDK_1.0.3_NUCLEO-F401RE\lib_stm\libLibraries.a(ucg_ccs.o)
 .debug_ranges  0x00000110       0x38 D:\Study\st\IOT-Programming-with-Master-Embedded\Courseware 2\SDK_1.0.3_NUCLEO-F401RE\lib_stm\libLibraries.a(ucg_dev_default_cb.o)
 .debug_ranges  0x00000148       0x30 D:\Study\st\IOT-Programming-with-Master-Embedded\Courseware 2\SDK_1.0.3_NUCLEO-F401RE\lib_stm\libLibraries.a(ucg_dev_ic_st7735.o)
 .debug_ranges  0x00000178       0x50 D:\Study\st\IOT-Programming-with-Master-Embedded\Courseware 2\SDK_1.0.3_NUCLEO-F401RE\lib_stm\libLibraries.a(ucg_dev_msg_api.o)
 .debug_ranges  0x000001c8       0x10 D:\Study\st\IOT-Programming-with-Master-Embedded\Courseware 2\SDK_1.0.3_NUCLEO-F401RE\lib_stm\libLibraries.a(ucg_dev_tft_128x128_st7735.o)
 .debug_ranges  0x000001d8      0x158 D:\Study\st\IOT-Programming-with-Master-Embedded\Courseware 2\SDK_1.0.3_NUCLEO-F401RE\lib_stm\libLibraries.a(ucg_font.o)
 .debug_ranges  0x00000330       0x18 D:\Study\st\IOT-Programming-with-Master-Embedded\Courseware 2\SDK_1.0.3_NUCLEO-F401RE\lib_stm\libLibraries.a(ucg_init.o)
 .debug_ranges  0x00000348       0x38 D:\Study\st\IOT-Programming-with-Master-Embedded\Courseware 2\SDK_1.0.3_NUCLEO-F401RE\lib_stm\libLibraries.a(ucg_line.o)
 .debug_ranges  0x00000380       0x18 D:\Study\st\IOT-Programming-with-Master-Embedded\Courseware 2\SDK_1.0.3_NUCLEO-F401RE\lib_stm\libLibraries.a(ucg_pixel.o)
 .debug_ranges  0x00000398       0x58 D:\Study\st\IOT-Programming-with-Master-Embedded\Courseware 2\SDK_1.0.3_NUCLEO-F401RE\lib_stm\libLibraries.a(ucg_rotate.o)
 .debug_ranges  0x000003f0       0x40 D:\Study\st\IOT-Programming-with-Master-Embedded\Courseware 2\SDK_1.0.3_NUCLEO-F401RE\lib_stm\libLibraries.a(buff.o)
 .debug_ranges  0x00000430       0x38 D:\Study\st\IOT-Programming-with-Master-Embedded\Courseware 2\SDK_1.0.3_NUCLEO-F401RE\lib_stm\libLibraries.a(utilities.o)
 .debug_ranges  0x00000468       0x78 D:\Study\st\IOT-Programming-with-Master-Embedded\Courseware 2\SDK_1.0.3_NUCLEO-F401RE\lib_stm\libLibraries.a(stm32f401re_gpio.o)
 .debug_ranges  0x000004e0      0x188 D:\Study\st\IOT-Programming-with-Master-Embedded\Courseware 2\SDK_1.0.3_NUCLEO-F401RE\lib_stm\libLibraries.a(stm32f401re_rcc.o)
 .debug_ranges  0x00000668       0x40 D:\Study\st\IOT-Programming-with-Master-Embedded\Courseware 2\SDK_1.0.3_NUCLEO-F401RE\lib_stm\libLibraries.a(ucg_clip.o)
 .debug_ranges  0x000006a8       0x90 D:\Study\st\IOT-Programming-with-Master-Embedded\Courseware 2\SDK_1.0.3_NUCLEO-F401RE\lib_stm\libLibraries.a(ucg_com_msg_api.o)
